Loading required package: SeuratObject
Loading required package: sp

Attaching package: ‘SeuratObject’

The following objects are masked from ‘package:base’:

    intersect, t

=== 03b: Export for scVI/scANVI ===
Excluded from integration : BladderHomogenate1, BladderHomogenate2
Excluded (no raw counts)  : ChenSpatial, LakesnRNA, MKA, KudoUUOUrothelium, KidneyUUO7, KidneyUUO8
Loading HVG list and gene universe from hvg_list.rds...
  HVGs: 3000 / total genes: 50990

Processing 15 count-based datasets:
  [1/15] EmbryosE9_5ToE13_5
  [2/15] KidneyE18_5_1
  [3/15] KidneyHealthy1
  [4/15] KidneyHealthy2
  [5/15] KidneyHealthy3
  [6/15] KidneyHealthy4
  [7/15] KidneyHealthy5
  [8/15] KidneyTET2UUO
  [9/15] KidneyUUO1
  [10/15] KidneyUUO2
  [11/15] KidneyUUO3
  [12/15] KidneyUUO4
  [13/15] KidneyUUO5
  [14/15] KidneyUUO6
  [15/15] KidneyrUUO1

Concatenating count matrices...
Combined: 2012169 cells × 50990 genes
Writing h5ad via reticulate + anndata...
Error in py_module_import(module, convert = convert) : 
  ImportError: /gpfs0/export/apps/easybuild/software/GCCcore/9.3.0/lib64/libstdc++.so.6: version `GLIBCXX_3.4.29' not found (required by /gpfs0/home1/gdbecknelllab/xxw004/Workspace/.conda/envs/cell2loc_env/lib/python3.10/site-packages/pandas/_libs/window/aggregations.cpython-310-x86_64-linux-gnu.so)
Run `reticulate::py_last_error()` for details.
Calls: <Anonymous> -> py_module_import
Execution halted
