Loading required package: SeuratObject
Loading required package: sp

Attaching package: ‘SeuratObject’

The following objects are masked from ‘package:base’:

    intersect, t

Registered S3 method overwritten by 'zellkonverter':
  method                                             from      
  py_to_r.pandas.core.arrays.categorical.Categorical reticulate
=== 03c: Export merged_normalized.rds → h5ad ===
Input  : /vast0/home/gdjacksonlab/lab/xxw004/UUO/Datasets/Mouse/UsedSingleCells/integration_output/merged_normalized.rds
Output : /vast0/home/gdjacksonlab/lab/xxw004/UUO/Datasets/Mouse/UsedSingleCells/integration_output/merged_normalized.h5ad

[1/5] Loading HVG list...
  HVGs: 3000 / total genes: 50990

[2/5] Loading merged_normalized.rds (this may take several minutes)...
  Loaded: 2877370 cells × 50990 genes
  Layers present: data.1, data.17, data.18, data.19, data.20, data.21, counts.2, counts.3, counts.4, counts.5, counts.6, counts.7, counts.8, counts.9, counts.10, counts.11, counts.12, counts.13, counts.14, counts.15, counts.16, counts.19, scale.data.GOF.Kudo.19, scale.data.LOF.Kudo.19, scale.data.Vehicle.Kudo.19, scale.data.Yoda.Kudo.19, scale.data.Urotherlium.19, scale.data.GSM3827175_NMU_O_P.UroBladderOrganoid.19, scale.data.GSM3827176_NMU_O_D.UroBladderOrganoid.19, scale.data.UroBladderOrganoid.19, scale.data.19, data.2, data.3, data.4, data.5, data.6, data.7, data.8, data.9, data.10, data.11, data.12, data.13, data.14, data.15, data.16

[3/5] JoinLayers — collapsing per-sample layers...
  Layers after join: scale.data, data, counts

[4/5] Dropping scale.data layer (HVG-only, incompatible dims for SCE)...
Warning: Removing default layer, setting default to data
  Layers for export: data, counts

[4/5] Converting to SingleCellExperiment...
Error in method(object) : all assays must have the same nrow and ncol
Calls: as.SingleCellExperiment ... validObject -> anyStrings -> isTRUE -> validityMethod -> method
In addition: Warning message:
Layer ‘scale.data’ is empty 
Execution halted
