Loading required package: SeuratObject
Loading required package: sp

Attaching package: ‘SeuratObject’

The following objects are masked from ‘package:base’:

    intersect, t

Loading required package: Rcpp
Loading merged normalized object...
  Loaded: 2877370 cells × 50990 genes
  Layers: data.1, data.17, data.18, data.19, data.20, data.21, counts.2, counts.3, counts.4, counts.5, counts.6, counts.7, counts.8, counts.9, counts.10, counts.11, counts.12, counts.13, counts.14, counts.15, counts.16, counts.19, scale.data.GOF.Kudo.19, scale.data.LOF.Kudo.19, scale.data.Vehicle.Kudo.19, scale.data.Yoda.Kudo.19, scale.data.Urotherlium.19, scale.data.GSM3827175_NMU_O_P.UroBladderOrganoid.19, scale.data.GSM3827176_NMU_O_D.UroBladderOrganoid.19, scale.data.UroBladderOrganoid.19, scale.data.19, data.2, data.3, data.4, data.5, data.6, data.7, data.8, data.9, data.10, data.11, data.12, data.13, data.14, data.15, data.16
  [mem] after load: 84.8 GB in use
Loading HVG list...
  HVGs restored: 3000
JoinLayers — collapsing per-sample layers...
  Layers after join: scale.data, data, counts
  [mem] after JoinLayers: 74.8 GB in use
ScaleData (regress pct_mt, HVGs only)...
Warning: Different features in new layer data than already exists for scale.data
Warning: Different cells in new layer data than already exists for scale.data
  ScaleData done
  [mem] after ScaleData: 100.7 GB in use
RunPCA (50 PCs)...
  PCA done
Warning: Removing default layer, setting default to data
  [mem] after PCA + scale.data freed: 37.4 GB in use
RunHarmony (batch = sample_id + technology)...
Error in data.use %*% cell.embeddings : non-conformable arguments
Execution halted
