Loading required package: SeuratObject
Loading required package: sp

Attaching package: ‘SeuratObject’

The following objects are masked from ‘package:base’:

    intersect, t

Loading required package: Rcpp
Loading merged normalized object...
  Loaded: 2877370 cells × 50990 genes
Loading HVG list...
  HVGs restored: 3000
JoinLayers — collapsing per-sample layers...
  Layers joined
ScaleData (regress pct_mt)...
Warning: Different features in new layer data than already exists for scale.data
Warning: Different cells in new layer data than already exists for scale.data
  ScaleData done
RunPCA (50 PCs)...
  PCA done
RunHarmony (batch = sample_id + technology)...
Warning messages:
1: Quick-TRANSfer stage steps exceeded maximum (= 143868500) 
2: Quick-TRANSfer stage steps exceeded maximum (= 143868500) 
3: Quick-TRANSfer stage steps exceeded maximum (= 143868500) 
4: Quick-TRANSfer stage steps exceeded maximum (= 143868500) 
5: Quick-TRANSfer stage steps exceeded maximum (= 143868500) 
6: Quick-TRANSfer stage steps exceeded maximum (= 143868500) 
7: Quick-TRANSfer stage steps exceeded maximum (= 143868500) 
8: Quick-TRANSfer stage steps exceeded maximum (= 143868500) 
9: Quick-TRANSfer stage steps exceeded maximum (= 143868500) 
10: Quick-TRANSfer stage steps exceeded maximum (= 143868500) 
  Harmony done
FindNeighbors + FindClusters...
Error in getGlobalsAndPackages(expr, envir = envir, globals = globals) : 
  The total size of the 7 globals exported for future expression (‘FUN()’) is 2.03 GiB. This exceeds the maximum allowed size 500.00 MiB per plan() argument 'maxSizeOfObjects'. This limit is set to protect against transfering too large objects to parallel workers by mistake, which may not be intended and could be costly. See help("future.globals.maxSize", package = "future") for how to adjust or remove the default threshold via an R option The three largest globals are ‘FUN’ (1.23 GiB of class ‘function’), ‘query’ (805.72 MiB of class ‘numeric’) and ‘index’ (12.31 MiB of class ‘S4’)
Calls: FindNeighbors ... getGlobalsAndPackagesXApply -> getGlobalsAndPackages
Execution halted
