Loading required package: SummarizedExperiment
Loading required package: MatrixGenerics
Loading required package: matrixStats

Attaching package: ‘MatrixGenerics’

The following objects are masked from ‘package:matrixStats’:

    colAlls, colAnyNAs, colAnys, colAvgsPerRowSet, colCollapse,
    colCounts, colCummaxs, colCummins, colCumprods, colCumsums,
    colDiffs, colIQRDiffs, colIQRs, colLogSumExps, colMadDiffs,
    colMads, colMaxs, colMeans2, colMedians, colMins, colOrderStats,
    colProds, colQuantiles, colRanges, colRanks, colSdDiffs, colSds,
    colSums2, colTabulates, colVarDiffs, colVars, colWeightedMads,
    colWeightedMeans, colWeightedMedians, colWeightedSds,
    colWeightedVars, rowAlls, rowAnyNAs, rowAnys, rowAvgsPerColSet,
    rowCollapse, rowCounts, rowCummaxs, rowCummins, rowCumprods,
    rowCumsums, rowDiffs, rowIQRDiffs, rowIQRs, rowLogSumExps,
    rowMadDiffs, rowMads, rowMaxs, rowMeans2, rowMedians, rowMins,
    rowOrderStats, rowProds, rowQuantiles, rowRanges, rowRanks,
    rowSdDiffs, rowSds, rowSums2, rowTabulates, rowVarDiffs, rowVars,
    rowWeightedMads, rowWeightedMeans, rowWeightedMedians,
    rowWeightedSds, rowWeightedVars

Loading required package: GenomicRanges
Loading required package: stats4
Loading required package: BiocGenerics

Attaching package: ‘BiocGenerics’

The following objects are masked from ‘package:stats’:

    IQR, mad, sd, var, xtabs

The following objects are masked from ‘package:base’:

    anyDuplicated, aperm, append, as.data.frame, basename, cbind,
    colnames, dirname, do.call, duplicated, eval, evalq, Filter, Find,
    get, grep, grepl, intersect, is.unsorted, lapply, Map, mapply,
    match, mget, order, paste, pmax, pmax.int, pmin, pmin.int,
    Position, rank, rbind, Reduce, rownames, sapply, setdiff, table,
    tapply, union, unique, unsplit, which.max, which.min

Loading required package: S4Vectors

Attaching package: ‘S4Vectors’

The following object is masked from ‘package:utils’:

    findMatches

The following objects are masked from ‘package:base’:

    expand.grid, I, unname

Loading required package: IRanges
Loading required package: GenomeInfoDb
Loading required package: Biobase
Welcome to Bioconductor

    Vignettes contain introductory material; view with
    'browseVignettes()'. To cite Bioconductor, see
    'citation("Biobase")', and for packages 'citation("pkgname")'.


Attaching package: ‘Biobase’

The following object is masked from ‘package:MatrixGenerics’:

    rowMedians

The following objects are masked from ‘package:matrixStats’:

    anyMissing, rowMedians


Attaching package: ‘Matrix’

The following object is masked from ‘package:S4Vectors’:

    expand


Attaching package: ‘data.table’

The following object is masked from ‘package:SummarizedExperiment’:

    shift

The following object is masked from ‘package:GenomicRanges’:

    shift

The following object is masked from ‘package:IRanges’:

    shift

The following objects are masked from ‘package:S4Vectors’:

    first, second


Attaching package: ‘dplyr’

The following objects are masked from ‘package:data.table’:

    between, first, last

The following object is masked from ‘package:Biobase’:

    combine

The following objects are masked from ‘package:GenomicRanges’:

    intersect, setdiff, union

The following object is masked from ‘package:GenomeInfoDb’:

    intersect

The following objects are masked from ‘package:IRanges’:

    collapse, desc, intersect, setdiff, slice, union

The following objects are masked from ‘package:S4Vectors’:

    first, intersect, rename, setdiff, setequal, union

The following objects are masked from ‘package:BiocGenerics’:

    combine, intersect, setdiff, union

The following object is masked from ‘package:matrixStats’:

    count

The following objects are masked from ‘package:stats’:

    filter, lag

The following objects are masked from ‘package:base’:

    intersect, setdiff, setequal, union

Loading required package: SeuratObject
Loading required package: sp

Attaching package: ‘sp’

The following object is masked from ‘package:IRanges’:

    %over%


Attaching package: ‘SeuratObject’

The following object is masked from ‘package:SummarizedExperiment’:

    Assays

The following object is masked from ‘package:GenomicRanges’:

    intersect

The following object is masked from ‘package:GenomeInfoDb’:

    intersect

The following object is masked from ‘package:IRanges’:

    intersect

The following object is masked from ‘package:S4Vectors’:

    intersect

The following object is masked from ‘package:BiocGenerics’:

    intersect

The following objects are masked from ‘package:base’:

    intersect, t


Attaching package: ‘Seurat’

The following object is masked from ‘package:SummarizedExperiment’:

    Assays

Loading GSE119531 Healthy...
  Ann columns: CellBarcode, CellType
  First 3 ann barcodes : sCellDropseq_AAAAAGAAGGAC, sCellDropseq_AAAACTACCTTC, sCellDropseq_AAAACTACCTTG
  First 3 mat barcodes : sCellDropseq_AAAAAGAAGGAC, sCellDropseq_AAAACTACCTTC, sCellDropseq_AAAACTACCTTG
  Matrix dims: 19713 genes x 11395 cells
  Common cells: 9311
Loading GSE119531 UUO...
  Ann columns: CellBarcode, CellType
  First 3 ann barcodes : UUO_AAACCTGAGAAGATTC, UUO_AAAGATGAGCACGCCT, UUO_AAAGATGCATCGTCGG
  First 3 mat barcodes : UUO1_AAACCTGAGAAGATTC, UUO1_AAAGATGAGCACGCCT, UUO1_AAAGATGCATCGTCGG
  Matrix dims: 21516 genes x 6147 cells
  Common cells: 0
Error in load_gse119531("UUO") : 
  [load_gse119531] No matching barcodes between matrix and annotation for KidneyUUO1.
Execution halted
