[1] "Creating artificial doublets for pN = 5%"
[1] "Creating artificial doublets for pN = 10%"
[1] "Creating artificial doublets for pN = 15%"
[1] "Creating artificial doublets for pN = 20%"
[1] "Creating artificial doublets for pN = 30%"
[1] "Creating artificial doublets for pN = 25%"
[1] "Creating Seurat object..."
[1] "Creating Seurat object..."
[1] "Creating Seurat object..."
[1] "Creating Seurat object..."
[1] "Running SCTransform..."
[1] "Creating Seurat object..."
[1] "Running SCTransform..."
[1] "Creating Seurat object..."
[1] "Running SCTransform..."
[1] "Running SCTransform..."
[1] "Running SCTransform..."
[1] "Running SCTransform..."
Job Statistics for 7892380:
           JobID       User               Start                 End    Elapsed   TotalCPU      State        NodeList 
---------------- ---------- ------------------- ------------------- ---------- ---------- ---------- --------------- 
      7892366_10     xxw004 2026-04-12T10:30:16 2026-04-12T10:31:14   00:00:58  02:12.880     FAILED   r1pl-hpcf-h03 
7892366_10.batch            2026-04-12T10:30:16 2026-04-12T10:31:14   00:00:58  02:12.878     FAILED   r1pl-hpcf-h03 
7892366_10.exte+            2026-04-12T10:30:16 2026-04-12T10:31:14   00:00:58  00:00.001  COMPLETED   r1pl-hpcf-h03 
Requested Resources: billing=8,cpu=8,mem=64G,node=1
Maximum CPU Memory: 16574.08M; 	CPU Efficiency: 28.66% of 00:07:44 core-walltime
