[1] "Creating artificial doublets for pN = 5%"
[1] "Creating artificial doublets for pN = 10%"
[1] "Creating artificial doublets for pN = 15%"
[1] "Creating artificial doublets for pN = 20%"
[1] "Creating artificial doublets for pN = 25%"
[1] "Creating Seurat object..."
[1] "Creating artificial doublets for pN = 30%"
[1] "Creating Seurat object..."
[1] "Creating Seurat object..."
[1] "Creating Seurat object..."
[1] "Creating Seurat object..."
[1] "Creating Seurat object..."
[1] "Running SCTransform..."
[1] "Running SCTransform..."
[1] "Running SCTransform..."
[1] "Running SCTransform..."
[1] "Running SCTransform..."
[1] "Running SCTransform..."
Job Statistics for 7892438:
           JobID       User               Start                 End    Elapsed   TotalCPU      State        NodeList 
---------------- ---------- ------------------- ------------------- ---------- ---------- ---------- --------------- 
      7892417_12     xxw004 2026-04-12T17:00:45 2026-04-12T17:01:52   00:01:07  02:23.992     FAILED   r1pl-hpcf-h05 
7892417_12.batch            2026-04-12T17:00:45 2026-04-12T17:01:52   00:01:07  02:23.990     FAILED   r1pl-hpcf-h05 
7892417_12.exte+            2026-04-12T17:00:45 2026-04-12T17:01:52   00:01:07  00:00.001  COMPLETED   r1pl-hpcf-h05 
Requested Resources: billing=8,cpu=8,mem=64G,node=1
Maximum CPU Memory: 16016.56M; 	CPU Efficiency: 26.87% of 00:08:56 core-walltime
