[1] "Creating artificial doublets for pN = 5%"
[1] "Creating artificial doublets for pN = 10%"
[1] "Creating artificial doublets for pN = 15%"
[1] "Creating artificial doublets for pN = 20%"
[1] "Creating artificial doublets for pN = 25%"
[1] "Creating artificial doublets for pN = 30%"
[1] "Creating Seurat object..."
[1] "Creating Seurat object..."
[1] "Creating Seurat object..."
[1] "Creating Seurat object..."
[1] "Creating Seurat object..."
[1] "Running SCTransform..."
[1] "Running SCTransform..."
[1] "Creating Seurat object..."
[1] "Running SCTransform..."
[1] "Running SCTransform..."
[1] "Running SCTransform..."
[1] "Running SCTransform..."
Job Statistics for 7892378:
           JobID       User               Start                 End    Elapsed   TotalCPU      State        NodeList 
---------------- ---------- ------------------- ------------------- ---------- ---------- ---------- --------------- 
       7892366_8     xxw004 2026-04-12T10:29:32 2026-04-12T10:30:53   00:01:21  02:44.062     FAILED   r1pl-hpcf-h02 
 7892366_8.batch            2026-04-12T10:29:32 2026-04-12T10:30:53   00:01:21  02:44.060     FAILED   r1pl-hpcf-h02 
7892366_8.extern            2026-04-12T10:29:32 2026-04-12T10:30:53   00:01:21  00:00.002  COMPLETED   r1pl-hpcf-h02 
Requested Resources: billing=8,cpu=8,mem=64G,node=1
Maximum CPU Memory: 26712.22M; 	CPU Efficiency: 25.31% of 00:10:48 core-walltime
