[1] "Creating artificial doublets for pN = 5%"
[1] "Creating artificial doublets for pN = 10%"
[1] "Creating artificial doublets for pN = 15%"
[1] "Creating artificial doublets for pN = 20%"
[1] "Creating artificial doublets for pN = 25%"
[1] "Creating artificial doublets for pN = 30%"
[1] "Creating Seurat object..."
[1] "Creating Seurat object..."
[1] "Creating Seurat object..."
[1] "Creating Seurat object..."
[1] "Creating Seurat object..."
[1] "Creating Seurat object..."
[1] "Running SCTransform..."
[1] "Running SCTransform..."
[1] "Running SCTransform..."
[1] "Running SCTransform..."
[1] "Running SCTransform..."
[1] "Running SCTransform..."
Job Statistics for 7892360:
           JobID       User               Start                 End    Elapsed   TotalCPU      State        NodeList 
---------------- ---------- ------------------- ------------------- ---------- ---------- ---------- --------------- 
       7892351_5     xxw004 2026-04-12T10:21:20 2026-04-12T10:22:42   00:01:22  02:28.294 CANCELLED+   r1pl-hpcf-h01 
 7892351_5.batch            2026-04-12T10:21:20 2026-04-12T10:22:43   00:01:23  02:28.292  CANCELLED   r1pl-hpcf-h01 
7892351_5.extern            2026-04-12T10:21:20 2026-04-12T10:22:44   00:01:24  00:00.001  COMPLETED   r1pl-hpcf-h01 
Requested Resources: billing=8,cpu=8,mem=64G,node=1
Maximum CPU Memory: 22024.63M; 	CPU Efficiency: 22.56% of 00:10:56 core-walltime
