[1] "Creating artificial doublets for pN = 5%"
[1] "Creating artificial doublets for pN = 10%"
[1] "Creating artificial doublets for pN = 15%"
[1] "Creating artificial doublets for pN = 20%"
[1] "Creating artificial doublets for pN = 25%"
[1] "Creating Seurat object..."
[1] "Creating artificial doublets for pN = 30%"
[1] "Creating Seurat object..."
[1] "Creating Seurat object..."
[1] "Creating Seurat object..."
[1] "Creating Seurat object..."
[1] "Running SCTransform..."
[1] "Creating Seurat object..."
[1] "Running SCTransform..."
[1] "Running SCTransform..."
[1] "Running SCTransform..."
[1] "Running SCTransform..."
[1] "Running SCTransform..."
Job Statistics for 7892433:
           JobID       User               Start                 End    Elapsed   TotalCPU      State        NodeList 
---------------- ---------- ------------------- ------------------- ---------- ---------- ---------- --------------- 
       7892417_7     xxw004 2026-04-12T16:59:00 2026-04-12T17:01:28   00:02:28  04:04.701     FAILED   r1pl-hpcf-h02 
 7892417_7.batch            2026-04-12T16:59:00 2026-04-12T17:01:28   00:02:28  04:04.699     FAILED   r1pl-hpcf-h02 
7892417_7.extern            2026-04-12T16:59:00 2026-04-12T17:01:28   00:02:28  00:00.001  COMPLETED   r1pl-hpcf-h02 
Requested Resources: billing=8,cpu=8,mem=64G,node=1
Maximum CPU Memory: 34855.79M; 	CPU Efficiency: 20.69% of 00:19:44 core-walltime
