Loading required package: SeuratObject
Loading required package: sp

Attaching package: ‘SeuratObject’

The following objects are masked from ‘package:base’:

    intersect, t


Attaching package: ‘dplyr’

The following objects are masked from ‘package:stats’:

    filter, lag

The following objects are masked from ‘package:base’:

    intersect, setdiff, setequal, union

Using 8 parallel workers
SLURM array mode: processing sample index 10
Array mode: processing KidneyrUUO1

=== QC + Doublet removal: KidneyrUUO1 ===
  Before QC: 3650 cells
Warning: Default search for "data" layer in "RNA" assay yielded no results; utilizing "counts" layer instead.
  After QC thresholds: 2929 cells (removed 721)
  Preprocessing for DoubletFinder (SCTransform + PCA + UMAP)...
Warning: The default method for RunUMAP has changed from calling Python UMAP via reticulate to the R-native UWOT using the cosine metric
To use Python UMAP via reticulate, set umap.method to 'umap-learn' and metric to 'correlation'
This message will be shown once per session
    DoubletFinder: 2929 cells, expected doublet rate = 2.3%
Error in paramSweep(so, PCs = dims, sct = sct_used, num.cores = 1, future.seed = TRUE) : 
  unused argument (future.seed = TRUE)
Calls: run_doubletfinder
In addition: Warning message:
UNRELIABLE VALUE: One of the ‘future.apply’ iterations (‘future_lapply-1’) unexpectedly generated random numbers without declaring so. There is a risk that those random numbers are not statistically sound and the overall results might be invalid. To fix this, specify 'future.seed=TRUE'. This ensures that proper, parallel-safe random numbers are produced via a parallel RNG method. To disable this check, use 'future.seed = NULL', or set option 'future.rng.onMisuse' to "ignore". [future ‘future_lapply-1’ (bcb2f9c1ac9a334f72a5b9984dea30dc-49); on bcb2f9c1ac9a334f72a5b9984dea30dc@r1pl-hpcf-h02<3780005>] 
Execution halted
