[1] "Creating artificial doublets for pN = 5%"
[1] "Creating artificial doublets for pN = 10%"
[1] "Creating artificial doublets for pN = 15%"
[1] "Creating artificial doublets for pN = 20%"
[1] "Creating artificial doublets for pN = 25%"
[1] "Creating Seurat object..."
[1] "Creating artificial doublets for pN = 30%"
[1] "Creating Seurat object..."
[1] "Creating Seurat object..."
[1] "Creating Seurat object..."
[1] "Creating Seurat object..."
[1] "Creating Seurat object..."
[1] "Running SCTransform..."
[1] "Running SCTransform..."
[1] "Running SCTransform..."
[1] "Running SCTransform..."
[1] "Running SCTransform..."
[1] "Running SCTransform..."
Job Statistics for 7892377:
           JobID       User               Start                 End    Elapsed   TotalCPU      State        NodeList 
---------------- ---------- ------------------- ------------------- ---------- ---------- ---------- --------------- 
       7892366_7     xxw004 2026-04-12T10:29:18 2026-04-12T10:31:45   00:02:27  04:05.038     FAILED   r1pl-hpcf-h03 
 7892366_7.batch            2026-04-12T10:29:18 2026-04-12T10:31:45   00:02:27  04:05.037     FAILED   r1pl-hpcf-h03 
7892366_7.extern            2026-04-12T10:29:18 2026-04-12T10:31:45   00:02:27  00:00.001  COMPLETED   r1pl-hpcf-h03 
Requested Resources: billing=8,cpu=8,mem=64G,node=1
Maximum CPU Memory: 34619.83M; 	CPU Efficiency: 20.83% of 00:19:36 core-walltime
