[1] "Creating artificial doublets for pN = 5%"
[1] "Creating artificial doublets for pN = 10%"
[1] "Creating artificial doublets for pN = 15%"
[1] "Creating artificial doublets for pN = 20%"
[1] "Creating artificial doublets for pN = 25%"
[1] "Creating artificial doublets for pN = 30%"
[1] "Creating Seurat object..."
[1] "Creating Seurat object..."
[1] "Creating Seurat object..."
[1] "Creating Seurat object..."
[1] "Creating Seurat object..."
[1] "Running SCTransform..."
[1] "Creating Seurat object..."
[1] "Running SCTransform..."
[1] "Running SCTransform..."
[1] "Running SCTransform..."
[1] "Running SCTransform..."
[1] "Running SCTransform..."
Job Statistics for 7892386:
           JobID       User               Start                 End    Elapsed   TotalCPU      State        NodeList 
---------------- ---------- ------------------- ------------------- ---------- ---------- ---------- --------------- 
      7892366_16     xxw004 2026-04-12T10:32:08 2026-04-12T10:34:03   00:01:55  03:27.463     FAILED   r1pl-hpcf-h03 
7892366_16.batch            2026-04-12T10:32:08 2026-04-12T10:34:03   00:01:55  03:27.461     FAILED   r1pl-hpcf-h03 
7892366_16.exte+            2026-04-12T10:32:08 2026-04-12T10:34:03   00:01:55  00:00.001  COMPLETED   r1pl-hpcf-h03 
Requested Resources: billing=8,cpu=8,mem=64G,node=1
Maximum CPU Memory: 40209.05M; 	CPU Efficiency: 22.50% of 00:15:20 core-walltime
