Loading required package: SeuratObject
Loading required package: sp

Attaching package: ‘SeuratObject’

The following objects are masked from ‘package:base’:

    intersect, t


Attaching package: ‘dplyr’

The following objects are masked from ‘package:stats’:

    filter, lag

The following objects are masked from ‘package:base’:

    intersect, setdiff, setequal, union

Using 8 parallel workers
SLURM array mode: processing sample index 6
Array mode: processing KidneyHealthy2

=== QC + Doublet removal: KidneyHealthy2 ===
  Before QC: 5540 cells
Warning: Default search for "data" layer in "RNA" assay yielded no results; utilizing "counts" layer instead.
  After QC thresholds: 2877 cells (removed 2663)
  Preprocessing for DoubletFinder (SCTransform + PCA + UMAP)...
Warning: The default method for RunUMAP has changed from calling Python UMAP via reticulate to the R-native UWOT using the cosine metric
To use Python UMAP via reticulate, set umap.method to 'umap-learn' and metric to 'correlation'
This message will be shown once per session
    DoubletFinder: 2877 cells, expected doublet rate = 2.3%
Loading required package: fields
Loading required package: spam
Spam version 2.11-3 (2026-01-05) is loaded.
Type 'help( Spam)' or 'demo( spam)' for a short introduction 
and overview of this package.
Help for individual functions is also obtained by adding the
suffix '.spam' to the function name, e.g. 'help( chol.spam)'.

Attaching package: ‘spam’

The following object is masked from ‘package:Matrix’:

    det

The following objects are masked from ‘package:base’:

    backsolve, forwardsolve

Loading required package: viridisLite
Loading required package: RColorBrewer

Try help(fields) to get started.
Loading required package: parallel
Loading required package: sctransform
Loading required package: sctransform
Loading required package: sctransform
Loading required package: sctransform
Loading required package: sctransform
Running SCTransform on assay: RNA
Loading required package: sctransform
vst.flavor='v2' set. Using model with fixed slope and excluding poisson genes.
Calculating cell attributes from input UMI matrix: log_umi
Running SCTransform on assay: RNA
vst.flavor='v2' set. Using model with fixed slope and excluding poisson genes.
Calculating cell attributes from input UMI matrix: log_umi
Running SCTransform on assay: RNA
vst.flavor='v2' set. Using model with fixed slope and excluding poisson genes.
Calculating cell attributes from input UMI matrix: log_umi
Running SCTransform on assay: RNA
vst.flavor='v2' set. Using model with fixed slope and excluding poisson genes.
Calculating cell attributes from input UMI matrix: log_umi
Running SCTransform on assay: RNA
vst.flavor='v2' set. Using model with fixed slope and excluding poisson genes.
Calculating cell attributes from input UMI matrix: log_umi
Running SCTransform on assay: RNA
Variance stabilizing transformation of count matrix of size 13890 by 3028
Model formula is y ~ log_umi
Get Negative Binomial regression parameters per gene
Using 2000 genes, 3028 cells
vst.flavor='v2' set. Using model with fixed slope and excluding poisson genes.
Calculating cell attributes from input UMI matrix: log_umi
Variance stabilizing transformation of count matrix of size 14014 by 3197
Model formula is y ~ log_umi
Get Negative Binomial regression parameters per gene
Using 2000 genes, 3197 cells
Variance stabilizing transformation of count matrix of size 14179 by 3385
Model formula is y ~ log_umi
Get Negative Binomial regression parameters per gene
Using 2000 genes, 3385 cells
Variance stabilizing transformation of count matrix of size 14287 by 3596
Model formula is y ~ log_umi
Get Negative Binomial regression parameters per gene
Using 2000 genes, 3596 cells
Variance stabilizing transformation of count matrix of size 14372 by 3836
Model formula is y ~ log_umi
Get Negative Binomial regression parameters per gene
Using 2000 genes, 3836 cells
Variance stabilizing transformation of count matrix of size 14456 by 4110
Model formula is y ~ log_umi
Get Negative Binomial regression parameters per gene
Using 2000 genes, 4110 cells
Warning: Caught FutureError. Canceling all iterations ...
Warning: Caught FutureError. Canceling all iterations ...
Warning: Caught FutureError. Canceling all iterations ...
Warning: Caught FutureError. Canceling all iterations ...
Warning: Caught FutureError. Canceling all iterations ...
Warning: Caught FutureError. Canceling all iterations ...
Error in names(sweep.res.list) <- name.vec : 
  'names' attribute [186] must be the same length as the vector [6]
Calls: run_doubletfinder -> paramSweep
In addition: Warning messages:
1: UNRELIABLE VALUE: One of the ‘future.apply’ iterations (‘future_lapply-1’) unexpectedly generated random numbers without declaring so. There is a risk that those random numbers are not statistically sound and the overall results might be invalid. To fix this, specify 'future.seed=TRUE'. This ensures that proper, parallel-safe random numbers are produced via a parallel RNG method. To disable this check, use 'future.seed = NULL', or set option 'future.rng.onMisuse' to "ignore". [future ‘future_lapply-1’ (8ccacbf2e04f5c4e8a0da08f2511da1e-49); on 8ccacbf2e04f5c4e8a0da08f2511da1e@r1pl-hpcf-h01<2835950>] 
2: In mclapply(as.list(1:length(pN)), FUN = parallel_paramSweep, n.real.cells,  :
  all scheduled cores encountered errors in user code
Execution halted
