[1] "Creating artificial doublets for pN = 5%"
[1] "Creating artificial doublets for pN = 10%"
[1] "Creating artificial doublets for pN = 15%"
[1] "Creating artificial doublets for pN = 20%"
[1] "Creating Seurat object..."
[1] "Creating artificial doublets for pN = 25%"
[1] "Creating artificial doublets for pN = 30%"
[1] "Creating Seurat object..."
[1] "Creating Seurat object..."
[1] "Creating Seurat object..."
[1] "Running SCTransform..."
[1] "Creating Seurat object..."
[1] "Running SCTransform..."
[1] "Creating Seurat object..."
[1] "Running SCTransform..."
[1] "Running SCTransform..."
[1] "Running SCTransform..."
[1] "Running SCTransform..."
Job Statistics for 7892361:
           JobID       User               Start                 End    Elapsed   TotalCPU      State        NodeList 
---------------- ---------- ------------------- ------------------- ---------- ---------- ---------- --------------- 
       7892351_6     xxw004 2026-04-12T10:21:25 2026-04-12T10:22:09   00:00:44  01:29.553     FAILED   r1pl-hpcf-h03 
 7892351_6.batch            2026-04-12T10:21:25 2026-04-12T10:22:09   00:00:44  01:29.552     FAILED   r1pl-hpcf-h03 
7892351_6.extern            2026-04-12T10:21:25 2026-04-12T10:22:09   00:00:44  00:00.001  COMPLETED   r1pl-hpcf-h03 
Requested Resources: billing=8,cpu=8,mem=64G,node=1
Maximum CPU Memory: 11215.73M; 	CPU Efficiency: 25.57% of 00:05:52 core-walltime
