[1] "Creating artificial doublets for pN = 5%"
[1] "Creating artificial doublets for pN = 10%"
[1] "Creating artificial doublets for pN = 15%"
[1] "Creating artificial doublets for pN = 25%"
[1] "Creating artificial doublets for pN = 20%"
[1] "Creating artificial doublets for pN = 30%"
[1] "Creating Seurat object..."
[1] "Creating Seurat object..."
[1] "Creating Seurat object..."
[1] "Creating Seurat object..."
[1] "Creating Seurat object..."
[1] "Running SCTransform..."
[1] "Creating Seurat object..."
[1] "Running SCTransform..."
[1] "Running SCTransform..."
[1] "Running SCTransform..."
[1] "Running SCTransform..."
[1] "Running SCTransform..."
Job Statistics for 7892442:
           JobID       User               Start                 End    Elapsed   TotalCPU      State        NodeList 
---------------- ---------- ------------------- ------------------- ---------- ---------- ---------- --------------- 
      7892417_16     xxw004 2026-04-12T17:01:51 2026-04-12T17:03:44   00:01:53  03:25.045     FAILED   r1pl-hpcf-h05 
7892417_16.batch            2026-04-12T17:01:51 2026-04-12T17:03:44   00:01:53  03:25.043     FAILED   r1pl-hpcf-h05 
7892417_16.exte+            2026-04-12T17:01:51 2026-04-12T17:03:44   00:01:53  00:00.001  COMPLETED   r1pl-hpcf-h05 
Requested Resources: billing=8,cpu=8,mem=64G,node=1
Maximum CPU Memory: 40180.93M; 	CPU Efficiency: 22.68% of 00:15:04 core-walltime
