Loading required package: SeuratObject
Loading required package: sp

Attaching package: ‘SeuratObject’

The following objects are masked from ‘package:base’:

    intersect, t


Attaching package: ‘dplyr’

The following objects are masked from ‘package:stats’:

    filter, lag

The following objects are masked from ‘package:base’:

    intersect, setdiff, setequal, union

Using 8 parallel workers
SLURM array mode: processing sample index 12
Array mode: processing KidneyUUO1

=== QC + Doublet removal: KidneyUUO1 ===
  Before QC: 6147 cells
Warning: Default search for "data" layer in "RNA" assay yielded no results; utilizing "counts" layer instead.
  After QC thresholds: 6000 cells (removed 147)
  Preprocessing for DoubletFinder (SCTransform + PCA + UMAP)...
Warning: The default method for RunUMAP has changed from calling Python UMAP via reticulate to the R-native UWOT using the cosine metric
To use Python UMAP via reticulate, set umap.method to 'umap-learn' and metric to 'correlation'
This message will be shown once per session
    DoubletFinder: 6000 cells, expected doublet rate = 4.8%
Loading required package: fields
Loading required package: spam
Spam version 2.11-3 (2026-01-05) is loaded.
Type 'help( Spam)' or 'demo( spam)' for a short introduction 
and overview of this package.
Help for individual functions is also obtained by adding the
suffix '.spam' to the function name, e.g. 'help( chol.spam)'.

Attaching package: ‘spam’

The following object is masked from ‘package:Matrix’:

    det

The following objects are masked from ‘package:base’:

    backsolve, forwardsolve

Loading required package: viridisLite
Loading required package: RColorBrewer

Try help(fields) to get started.
Loading required package: parallel
Loading required package: sctransform
Running SCTransform on assay: RNA
vst.flavor='v2' set. Using model with fixed slope and excluding poisson genes.
Calculating cell attributes from input UMI matrix: log_umi
Variance stabilizing transformation of count matrix of size 16056 by 6316
Model formula is y ~ log_umi
Get Negative Binomial regression parameters per gene
Using 2000 genes, 5000 cells
Found 30 outliers - those will be ignored in fitting/regularization step

Second step: Get residuals using fitted parameters for 16056 genes
Computing corrected count matrix for 16056 genes
Calculating gene attributes
Wall clock passed: Time difference of 18.93297 secs
Determine variable features
Centering data matrix
Place corrected count matrix in counts slot
Set default assay to SCT
PC_ 1 
Positive:  Kcnip4, Il34, Bmp6, Pakap, Slc13a1, Nhs, Slc4a4, Sorcs1, Sash1, Esrrg 
	   Auts2, Dock10, Bnc2, Arhgap42, Ghr, Slc25a21, Pitpnc1, Picalm, Them7, Malat1 
	   Vcam1, Dab2, Pter, Kcnh8, Ankrd6, Pdgfd, Mapk4, Mast4, Sema5a, Nt5e 
Negative:  Mecom, Phactr1, Efna5, Erbb4, Shroom3, Frmpd4, Myo3b, Naaladl2, Rbms3, Slit2 
	   Gpc5, Kcnq1, Slc8a1, Pde7b, Kif26b, Ctnnd2, Zfhx3, Sox5, Bmpr1b, Tcf7l1 
	   Tfap2a, Pde8b, Sim1, Rgs6, Stk39, Maml3, Nav1, Lrch1, Fgfr2, Cacnb2 
PC_ 2 
Positive:  Prkg1, Ldb2, Csmd1, Lhfp, Meis2, Ebf1, Cfh, Tshz2, Dlc1, Slit3 
	   Plpp1, Robo2, Gpc6, D5Ertd615e, Pde3a, Cald1, Cped1, Flt1, Lama2, Fbxl7 
	   Magi2, Egfl7, B3galt1, Pdzrn3, Prex2, Kcnt2, Shank3, Zeb2, Nxn, Arap3 
Negative:  Erbb4, Efna5, Pkhd1, Phactr1, Mecom, Etl4, Neat1, Esrrg, Myo3b, Slit2 
	   Naaladl2, Fgfr2, Slc12a1, Ank3, Sim1, Kcnj16, Ctnnd2, Arl15, Efhd1, Frmpd4 
	   Dcdc2a, Rbm47, Map3k1, Kcnq1, Mrps6, Pkp4, Cacnb4, Ephb2, Phactr2, Glis3 
PC_ 3 
Positive:  Phactr1, Frmpd4, Gpc5, Bmpr1b, Tmem45b, Kif26b, Grip1, Pde8b, Phactr2, Apobec3 
	   Gata3, Slc8a1, Tbx3os1, Pcdh7, Pde7b, Plcl1, Rnf128, Nav1, Pde1c, Tmtc2 
	   Coro2a, Pde3b, Fgf12, Pde1a, Kcnip4, Tfap2a, Edaradd, Nfat5, Ptprj, Abcc4 
Negative:  Erbb4, Slc12a1, Etl4, Pkhd1, Mrps6, Fgfr2, Plcb1, Pkp4, Col4a3, Slit2 
	   Stk32b, Ephb2, Kctd1, Plekhg1, Dysf, Mtcl1, Asic2, Tacc2, Tenm2, Stox2 
	   Skap1, Efhd1, Arhgap29, Tns1, Rap1gap2, Pdgfd, Spp1, Ccbe1, Tenm4, Ptprg 
PC_ 4 
Positive:  Magi2, Srgap1, Robo2, Nebl, Ptpro, Pard3b, Sgip1, Podxl, Mertk, Sema3e 
	   Wt1, Dach1, Gabrb1, Arhgap28, Shroom3, Clic5, Plce1, Iqgap2, Gm29266, Zfp385b 
	   Tmem108, Agrp, Ntrk3, Kank1, Tmod3, Synpo, Thsd7a, Cdc14a, Hspa12a, Tmem150c 
Negative:  Ldb2, Flt1, Plpp1, D5Ertd615e, Ebf1, Egfl7, Shank3, Meis2, Ptprm, Arap3 
	   Pecam1, Prkch, Fbxl7, Adgrl4, Prex2, Tcf4, Arhgap31, Ptprb, Cyyr1, Emcn 
	   Rapgef5, Cdh13, Pbx1, Csmd1, Inpp5d, Tek, Csgalnact1, Lhfp, Pitpnc1, Nxn 
PC_ 5 
Positive:  Csmd1, Lhfp, Cfh, Prkg1, Gpc6, Lama2, Pdzrn3, Kcnt2, B3galt1, Gucy1a2 
	   Dlc1, Zeb2, Cped1, Pde3a, Slit3, Rbms3, 4930578G10Rik, Fign, Cdh11, Thsd4 
	   Gucy1a1, Negr1, Cacna1c, Mrc2, Gm26719, Cald1, Fhl2, Rora, Spon1, Zfpm2 
Negative:  Ldb2, Flt1, D5Ertd615e, Egfl7, Plpp1, Shank3, Pecam1, Prkch, Arap3, Adgrl4 
	   Ptprm, St6galnac3, Arhgap31, Plekhg1, Ptprb, Emcn, Tek, Inpp5d, Apbb2, Elmo1 
	   Magi2, Nxn, Cyyr1, Rapgef5, Tcf4, Podxl, Srgap1, Prex2, Vamp5, Fbxl7 
Running SCTransform on assay: RNA
vst.flavor='v2' set. Using model with fixed slope and excluding poisson genes.
Calculating cell attributes from input UMI matrix: log_umi
Variance stabilizing transformation of count matrix of size 16270 by 6667
Model formula is y ~ log_umi
Get Negative Binomial regression parameters per gene
Using 2000 genes, 5000 cells
Found 19 outliers - those will be ignored in fitting/regularization step

Second step: Get residuals using fitted parameters for 16270 genes
Computing corrected count matrix for 16270 genes
Calculating gene attributes
Wall clock passed: Time difference of 19.71895 secs
Determine variable features
Centering data matrix
Place corrected count matrix in counts slot
Set default assay to SCT
PC_ 1 
Positive:  Kcnip4, Il34, Bmp6, Pakap, Slc13a1, Nhs, Slc4a4, Sorcs1, Sash1, Esrrg 
	   Auts2, Dock10, Bnc2, Slc25a21, Arhgap42, Ghr, Pitpnc1, Them7, Picalm, Malat1 
	   Vcam1, Dab2, Pter, Kcnh8, Ankrd6, Mapk4, Pdgfd, Sema5a, Mast4, Nt5e 
Negative:  Mecom, Phactr1, Efna5, Erbb4, Shroom3, Frmpd4, Myo3b, Naaladl2, Rbms3, Slit2 
	   Gpc5, Kcnq1, Slc8a1, Pde7b, Zfhx3, Kif26b, Ctnnd2, Sox5, Bmpr1b, Tcf7l1 
	   Tfap2a, Pde8b, Rgs6, Maml3, Sim1, Lrch1, Stk39, Nav1, Fgfr2, Cacnb2 
PC_ 2 
Positive:  Ldb2, Prkg1, Csmd1, Lhfp, Meis2, Ebf1, Cfh, Tshz2, Dlc1, Plpp1 
	   Slit3, Robo2, Gpc6, D5Ertd615e, Pde3a, Flt1, Cald1, Magi2, Egfl7, Fbxl7 
	   Cped1, Lama2, B3galt1, Prex2, Pdzrn3, Shank3, Nxn, Zeb2, Arap3, Kcnt2 
Negative:  Erbb4, Efna5, Pkhd1, Phactr1, Mecom, Etl4, Neat1, Esrrg, Myo3b, Slit2 
	   Naaladl2, Fgfr2, Slc12a1, Ank3, Sim1, Ctnnd2, Kcnj16, Efhd1, Arl15, Frmpd4 
	   Kcnq1, Rbm47, Dcdc2a, Map3k1, Mrps6, Pkp4, Phactr2, Ptprj, Cacnb4, Ephb2 
PC_ 3 
Positive:  Erbb4, Slc12a1, Etl4, Pkhd1, Mrps6, Fgfr2, Plcb1, Col4a3, Pkp4, Slit2 
	   Plekhg1, Stk32b, Kctd1, Mtcl1, Ephb2, Dysf, Asic2, Tacc2, Tenm2, Efhd1 
	   Stox2, Skap1, Arhgap29, Robo2, Spp1, Rap1gap2, Tns1, Nrxn3, Srgap1, Tenm4 
Negative:  Phactr1, Frmpd4, Gpc5, Bmpr1b, Tmem45b, Kif26b, Grip1, Pde8b, Phactr2, Apobec3 
	   Slc8a1, Gata3, Pde7b, Pcdh7, Tbx3os1, Tmtc2, Nav1, Rnf128, Plcl1, Pde3b 
	   Pde1c, Coro2a, Fgf12, Kcnip4, Pde1a, Tfap2a, Nfat5, Abcc4, Ptprj, Edaradd 
PC_ 4 
Positive:  Ldb2, Flt1, D5Ertd615e, Plpp1, Egfl7, Shank3, Ptprm, Meis2, Ebf1, Arap3 
	   Prkch, Pecam1, Fbxl7, Adgrl4, Erbb4, Tcf4, Prex2, Arhgap31, Ptprb, Emcn 
	   Cyyr1, Cdh13, Tek, Rapgef5, Inpp5d, Nxn, Pitpnc1, Pbx1, Csgalnact1, Rapgef4 
Negative:  Magi2, Srgap1, Robo2, Nebl, Sgip1, Ptpro, Pard3b, Podxl, Sema3e, Mertk 
	   Wt1, Dach1, Gabrb1, Shroom3, Arhgap28, Iqgap2, Clic5, Gm29266, Plce1, Zfp385b 
	   Ntrk3, Tmem108, Kank1, Agrp, Tmod3, Synpo, Thsd7a, Cdc14a, Hspa12a, Nupr1 
PC_ 5 
Positive:  Csmd1, Lhfp, Cfh, Prkg1, Gpc6, Lama2, Pdzrn3, B3galt1, Kcnt2, Slit3 
	   Gucy1a2, Dlc1, 4930578G10Rik, Pde3a, Zeb2, Cped1, Rbms3, Negr1, Fign, Thsd4 
	   Cdh11, Gucy1a1, Cacna1c, Mrc2, Gm26719, Cald1, Rora, Spon1, Zfpm2, Fhl2 
Negative:  Ldb2, Flt1, D5Ertd615e, Egfl7, Plpp1, Shank3, Prkch, Pecam1, Arap3, Adgrl4 
	   Magi2, Ptprm, St6galnac3, Arhgap31, Plekhg1, Srgap1, Ptprb, Podxl, Emcn, Elmo1 
	   Cyyr1, Tek, Inpp5d, Apbb2, Rapgef5, Nxn, Tcf4, Vamp5, Nebl, Dock4 
Running SCTransform on assay: RNA
vst.flavor='v2' set. Using model with fixed slope and excluding poisson genes.
Calculating cell attributes from input UMI matrix: log_umi
Variance stabilizing transformation of count matrix of size 16452 by 7059
Model formula is y ~ log_umi
Get Negative Binomial regression parameters per gene
Using 2000 genes, 5000 cells
Found 14 outliers - those will be ignored in fitting/regularization step

Second step: Get residuals using fitted parameters for 16452 genes
Computing corrected count matrix for 16452 genes
Calculating gene attributes
Wall clock passed: Time difference of 20.63211 secs
Determine variable features
Centering data matrix
Place corrected count matrix in counts slot
Set default assay to SCT
PC_ 1 
Positive:  Kcnip4, Il34, Bmp6, Pakap, Slc13a1, Nhs, Slc4a4, Sorcs1, Sash1, Esrrg 
	   Auts2, Dock10, Bnc2, Slc25a21, Arhgap42, Ghr, Pitpnc1, Picalm, Malat1, Them7 
	   Vcam1, Dab2, Pter, Kcnh8, Ankrd6, Mapk4, Mast4, Pdgfd, Sema5a, Nt5e 
Negative:  Mecom, Phactr1, Efna5, Erbb4, Shroom3, Frmpd4, Myo3b, Naaladl2, Rbms3, Slit2 
	   Gpc5, Kcnq1, Pde7b, Slc8a1, Zfhx3, Sox5, Kif26b, Ctnnd2, Tcf7l1, Bmpr1b 
	   Maml3, Sim1, Pde8b, Stk39, Tfap2a, Rgs6, Lrch1, Nav1, Fgfr2, Sorbs2 
PC_ 2 
Positive:  Ldb2, Prkg1, Csmd1, Lhfp, Meis2, Ebf1, Cfh, Tshz2, Dlc1, Slit3 
	   Robo2, Plpp1, Gpc6, D5Ertd615e, Magi2, Pde3a, Cald1, Flt1, B3galt1, Egfl7 
	   Lama2, Cped1, Fbxl7, Pdzrn3, Zeb2, Prex2, Kcnt2, Shank3, Nxn, Arap3 
Negative:  Erbb4, Efna5, Phactr1, Pkhd1, Mecom, Etl4, Neat1, Slit2, Myo3b, Esrrg 
	   Naaladl2, Fgfr2, Slc12a1, Ank3, Sim1, Kcnj16, Arl15, Ctnnd2, Efhd1, Frmpd4 
	   Kcnq1, Rbm47, Map3k1, Dcdc2a, Mrps6, Pkp4, Phactr2, Ptprj, Cacnb4, Glis3 
PC_ 3 
Positive:  Phactr1, Frmpd4, Gpc5, Bmpr1b, Tmem45b, Kif26b, Pde8b, Grip1, Phactr2, Slc8a1 
	   Apobec3, Pde7b, Gata3, Pcdh7, Kcnip4, Nav1, Tmtc2, Rnf128, Tbx3os1, Plcl1 
	   Pde1c, Pde1a, Fgf12, Pde3b, Coro2a, Tfap2a, Nfat5, Abcc4, Edaradd, Ptprj 
Negative:  Erbb4, Slc12a1, Etl4, Magi2, Srgap1, Pkhd1, Mrps6, Robo2, Col4a3, Plekhg1 
	   Fgfr2, Pkp4, Plcb1, Mtcl1, Slit2, Nebl, Stk32b, Sgip1, Ephb2, Asic2 
	   Ptpro, Kctd1, Plce1, Podxl, Dysf, Tenm2, Tacc2, Dach1, Pard3b, Stox2 
PC_ 4 
Positive:  Magi2, Srgap1, Robo2, Nebl, Sgip1, Ptpro, Pard3b, Podxl, Sema3e, Mertk 
	   Wt1, Gabrb1, Dach1, Shroom3, Iqgap2, Clic5, Gm29266, Arhgap28, Plce1, Zfp385b 
	   Ntrk3, Tmem108, Kank1, Agrp, Tmod3, Phactr1, Synpo, Cdc14a, Nupr1, Tmem150c 
Negative:  Erbb4, Ldb2, Flt1, D5Ertd615e, Plpp1, Ebf1, Ptprm, Meis2, Shank3, Egfl7 
	   Fbxl7, Arap3, Pecam1, Tcf4, Adgrl4, Prkch, Prex2, Csmd1, Etl4, Arhgap31 
	   Lhfp, Slc12a1, Cdh13, Cyyr1, Rapgef4, Emcn, Plcb1, Ptprb, Pitpnc1, Fli1 
PC_ 5 
Positive:  Csmd1, Lhfp, Cfh, Prkg1, Gpc6, Lama2, Pdzrn3, B3galt1, Kcnt2, Gucy1a2 
	   Slit3, 4930578G10Rik, Dlc1, Pde3a, Zeb2, Rbms3, Cped1, Negr1, Fign, Cdh11 
	   Thsd4, Erbb4, Gucy1a1, Cacna1c, Mrc2, Rora, Gm26719, Zfpm2, Cald1, Spon1 
Negative:  Ldb2, D5Ertd615e, Flt1, Plpp1, Egfl7, Shank3, Prkch, Pecam1, Arap3, Adgrl4 
	   Ptprm, Arhgap31, St6galnac3, Ptprb, Plekhg1, Inpp5d, Emcn, Cyyr1, Tek, Rapgef5 
	   Apbb2, Tcf4, Nxn, Elmo1, Prex2, Magi2, Kit, Vamp5, Fbxl7, Zfp521 
Running SCTransform on assay: RNA
vst.flavor='v2' set. Using model with fixed slope and excluding poisson genes.
Calculating cell attributes from input UMI matrix: log_umi
Variance stabilizing transformation of count matrix of size 16600 by 7500
Model formula is y ~ log_umi
Get Negative Binomial regression parameters per gene
Using 2000 genes, 5000 cells
Found 8 outliers - those will be ignored in fitting/regularization step

Second step: Get residuals using fitted parameters for 16600 genes
Computing corrected count matrix for 16600 genes
Calculating gene attributes
Wall clock passed: Time difference of 20.83532 secs
Determine variable features
Centering data matrix
Place corrected count matrix in counts slot
Set default assay to SCT
PC_ 1 
Positive:  Kcnip4, Il34, Bmp6, Pakap, Slc13a1, Nhs, Slc4a4, Sorcs1, Sash1, Esrrg 
	   Auts2, Dock10, Bnc2, Ghr, Arhgap42, Malat1, Slc25a21, Pitpnc1, Picalm, Them7 
	   Vcam1, Dab2, Pter, Kcnh8, Ankrd6, Mast4, Mapk4, Pdgfd, Sema5a, Nt5e 
Negative:  Mecom, Phactr1, Efna5, Erbb4, Shroom3, Frmpd4, Myo3b, Naaladl2, Rbms3, Slit2 
	   Kcnq1, Gpc5, Slc8a1, Pde7b, Zfhx3, Ctnnd2, Kif26b, Sox5, Bmpr1b, Tcf7l1 
	   Maml3, Sim1, Tfap2a, Fgfr2, Rgs6, Lrch1, Pde8b, Stk39, Nav1, Sorbs2 
PC_ 2 
Positive:  Erbb4, Efna5, Pkhd1, Phactr1, Mecom, Etl4, Neat1, Slit2, Myo3b, Esrrg 
	   Naaladl2, Fgfr2, Slc12a1, Ank3, Sim1, Arl15, Kcnj16, Ctnnd2, Frmpd4, Efhd1 
	   Kcnq1, Map3k1, Rbm47, Dcdc2a, Pkp4, Mrps6, Phactr2, Cacnb4, Glis3, Ptprj 
Negative:  Ldb2, Prkg1, Csmd1, Lhfp, Meis2, Ebf1, Cfh, Tshz2, Magi2, Dlc1 
	   Robo2, Plpp1, Slit3, D5Ertd615e, Gpc6, Cald1, Pde3a, Flt1, Egfl7, Fbxl7 
	   Cped1, B3galt1, Lama2, Zeb2, Shank3, Pdzrn3, Nxn, Prex2, Kcnt2, Srgap1 
PC_ 3 
Positive:  Ldb2, Phactr1, Csmd1, Ebf1, Frmpd4, Lhfp, Meis2, Plpp1, Gpc5, Cfh 
	   D5Ertd615e, Flt1, Prkch, Nav1, Pde7b, Pcdh7, Col18a1, Shank3, Arap3, Slit3 
	   Pde8b, Kif26b, Pdzrn3, Egfl7, Apobec3, Slc8a1, Pecam1, Bmpr1b, Prex2, Heg1 
Negative:  Magi2, Srgap1, Robo2, Nebl, Erbb4, Ptpro, Sgip1, Pard3b, Podxl, Sema3e 
	   Mertk, Wt1, Dach1, Gabrb1, Plce1, Gm29266, Arhgap28, Plekhg1, Clic5, Ntrk3 
	   Agrp, Zfp385b, Kank1, Shroom3, Col4a3, Thsd7a, Iqgap2, Cdc14a, Slc12a1, Tmem108 
PC_ 4 
Positive:  Erbb4, Slc12a1, Etl4, Pkhd1, Ldb2, Plcb1, Fgfr2, Mrps6, Pkp4, Dysf 
	   Ptprm, Ephb2, Fbxl7, Kctd1, Stk32b, Stox2, Flt1, Slit2, Ptprg, D5Ertd615e 
	   Pdgfd, Rapgef4, Tacc2, Plpp1, Asic2, Tns1, Spp1, Skap1, Arhgap29, Tcf4 
Negative:  Phactr1, Magi2, Frmpd4, Gpc5, Bmpr1b, Plcl1, Tmem45b, Srgap1, Phactr2, Kif26b 
	   Grip1, Slc8a1, Pde8b, Robo2, Pde1c, Nebl, Pde3b, Shroom3, Ptpro, Apobec3 
	   Pard3b, Rnf128, Gata3, Sgip1, Pde1a, Tfap2a, Ptprj, Iqgap2, Fgf12, Pde7b 
PC_ 5 
Positive:  Ldb2, D5Ertd615e, Flt1, Plpp1, Egfl7, Shank3, Prkch, Pecam1, Arap3, Adgrl4 
	   Ptprm, Arhgap31, St6galnac3, Ptprb, Emcn, Cyyr1, Inpp5d, Tcf4, Tek, Apbb2 
	   Nxn, Plekhg1, Rapgef5, Prex2, Elmo1, Fbxl7, Kit, Vamp5, Nlgn1, Heg1 
Negative:  Csmd1, Lhfp, Prkg1, Cfh, Gpc6, Lama2, Pdzrn3, B3galt1, Kcnt2, 4930578G10Rik 
	   Slit3, Pde3a, Gucy1a2, Rbms3, Zeb2, Dlc1, Cped1, Negr1, Fign, Erbb4 
	   Cdh11, Mrc2, Thsd4, Cacna1c, Cald1, Gm26719, Rora, Col12a1, Fhl2, Spon1 
Running SCTransform on assay: RNA
vst.flavor='v2' set. Using model with fixed slope and excluding poisson genes.
Calculating cell attributes from input UMI matrix: log_umi
Variance stabilizing transformation of count matrix of size 16710 by 8000
Model formula is y ~ log_umi
Get Negative Binomial regression parameters per gene
Using 2000 genes, 5000 cells
Found 9 outliers - those will be ignored in fitting/regularization step

Second step: Get residuals using fitted parameters for 16710 genes
Computing corrected count matrix for 16710 genes
Calculating gene attributes
Wall clock passed: Time difference of 23.06416 secs
Determine variable features
Centering data matrix
Place corrected count matrix in counts slot
Set default assay to SCT
PC_ 1 
Positive:  Kcnip4, Il34, Bmp6, Pakap, Slc13a1, Nhs, Slc4a4, Sorcs1, Sash1, Esrrg 
	   Auts2, Dock10, Bnc2, Malat1, Pitpnc1, Arhgap42, Ghr, Slc25a21, Picalm, Vcam1 
	   Them7, Dab2, Pter, Mast4, Pdgfd, Ankrd6, Mapk4, Kcnh8, Sema5a, Itgav 
Negative:  Mecom, Phactr1, Efna5, Erbb4, Shroom3, Myo3b, Frmpd4, Naaladl2, Rbms3, Slit2 
	   Kcnq1, Gpc5, Slc8a1, Zfhx3, Pde7b, Ctnnd2, Sox5, Kif26b, Tcf7l1, Fgfr2 
	   Bmpr1b, Maml3, Sim1, Stk39, Lrch1, Tfap2a, Rgs6, Pde8b, Arl15, Slc12a1 
PC_ 2 
Positive:  Erbb4, Efna5, Pkhd1, Phactr1, Mecom, Etl4, Neat1, Myo3b, Esrrg, Slit2 
	   Fgfr2, Naaladl2, Slc12a1, Ank3, Kcnj16, Sim1, Arl15, Mrps6, Ctnnd2, Pkp4 
	   Efhd1, Map3k1, Rbm47, Dcdc2a, Kcnq1, Frmpd4, Glis3, Ephb2, Carmil1, Phactr2 
Negative:  Ldb2, Prkg1, Csmd1, Lhfp, Meis2, Ebf1, Cfh, Magi2, Tshz2, Dlc1 
	   Robo2, Plpp1, Slit3, D5Ertd615e, Gpc6, Flt1, Pde3a, Cald1, Egfl7, Cped1 
	   Fbxl7, B3galt1, Lama2, Zeb2, Arap3, Shank3, Pdzrn3, Prex2, Nxn, Kcnt2 
PC_ 3 
Positive:  Ldb2, Csmd1, Ebf1, Plpp1, Lhfp, Meis2, D5Ertd615e, Flt1, Cfh, Arap3 
	   Egfl7, Shank3, Prkch, Ptprm, Pecam1, Slit3, Tcf4, Adgrl4, Fbxl7, Prex2 
	   Col18a1, Gpc6, Pbx1, Arhgap31, Pdzrn3, Tshz2, Emcn, Cyyr1, Heg1, Rapgef5 
Negative:  Magi2, Srgap1, Robo2, Nebl, Ptpro, Sgip1, Pard3b, Podxl, Sema3e, Wt1 
	   Mertk, Dach1, Gabrb1, Plce1, Shroom3, Arhgap28, Ntrk3, Clic5, Kank1, Iqgap2 
	   Agrp, Plekhg1, Cdc14a, Tmod3, Thsd7a, Synpo, Erbb4, Nupr1, Col4a3, Sncaip 
PC_ 4 
Positive:  Erbb4, Slc12a1, Etl4, Pkhd1, Mrps6, Plcb1, Fgfr2, Pkp4, Col4a3, Dysf 
	   Ephb2, Slit2, Kctd1, Stk32b, Ldb2, Asic2, Pdgfd, Stox2, Tacc2, Ptprm 
	   Tenm2, Plekhg1, Ptprg, Fbxl7, Spp1, Tns1, Mtcl1, Arhgap29, Gcnt2, Skap1 
Negative:  Phactr1, Frmpd4, Gpc5, Bmpr1b, Phactr2, Plcl1, Tmem45b, Kif26b, Grip1, Slc8a1 
	   Pde8b, Pde1c, Pde3b, Apobec3, Rnf128, Pde7b, Ptprj, Gata3, Tfap2a, Tmtc2 
	   Kcnip4, Pde1a, Fgf12, Tbx3os1, Abcc4, Magi2, Pcdh7, Nav1, Coro2a, Ctnnd2 
PC_ 5 
Positive:  Csmd1, Lhfp, Prkg1, Cfh, Gpc6, Lama2, Pdzrn3, Kcnt2, B3galt1, 4930578G10Rik 
	   Slit3, Rbms3, Zeb2, Pde3a, Gucy1a2, Dlc1, Cped1, Negr1, Fign, Thsd4 
	   Mrc2, Cdh11, Cacna1c, Rora, Gm26719, Erbb4, Cald1, Pcdh9, Fhl2, Col12a1 
Negative:  Ldb2, D5Ertd615e, Flt1, Plpp1, Egfl7, Shank3, Arap3, Prkch, Pecam1, Adgrl4 
	   Ptprm, Arhgap31, St6galnac3, Emcn, Tcf4, Cyyr1, Ptprb, Inpp5d, Apbb2, Tek 
	   Nxn, Plekhg1, Rapgef5, Fbxl7, Prex2, Elmo1, Vamp5, Kit, Nlgn1, Tll1 
Running SCTransform on assay: RNA
vst.flavor='v2' set. Using model with fixed slope and excluding poisson genes.
Calculating cell attributes from input UMI matrix: log_umi
Variance stabilizing transformation of count matrix of size 16801 by 8571
Model formula is y ~ log_umi
Get Negative Binomial regression parameters per gene
Using 2000 genes, 5000 cells
Found 6 outliers - those will be ignored in fitting/regularization step

Second step: Get residuals using fitted parameters for 16801 genes
Computing corrected count matrix for 16801 genes
Calculating gene attributes
Wall clock passed: Time difference of 24.72393 secs
Determine variable features
Centering data matrix
Place corrected count matrix in counts slot
Set default assay to SCT
PC_ 1 
Positive:  Kcnip4, Il34, Bmp6, Pakap, Slc13a1, Nhs, Slc4a4, Sorcs1, Sash1, Esrrg 
	   Auts2, Dock10, Malat1, Bnc2, Pitpnc1, Slc25a21, Arhgap42, Ghr, Picalm, Them7 
	   Vcam1, Dab2, Pter, Kcnh8, Ankrd6, Mapk4, Pdgfd, Mast4, Sema5a, Nt5e 
Negative:  Mecom, Phactr1, Efna5, Erbb4, Shroom3, Myo3b, Frmpd4, Naaladl2, Rbms3, Slit2 
	   Kcnq1, Gpc5, Slc8a1, Zfhx3, Pde7b, Sox5, Ctnnd2, Kif26b, Tcf7l1, Bmpr1b 
	   Maml3, Sim1, Stk39, Rgs6, Lrch1, Tfap2a, Fgfr2, Pde8b, Nav1, Slc12a1 
PC_ 2 
Positive:  Prkg1, Csmd1, Ldb2, Lhfp, Meis2, Magi2, Ebf1, Cfh, Tshz2, Robo2 
	   Dlc1, Slit3, Plpp1, Gpc6, D5Ertd615e, Pde3a, Cald1, B3galt1, Flt1, Cped1 
	   Egfl7, Zeb2, Lama2, Fbxl7, Srgap1, Kcnt2, 4930578G10Rik, Pdzrn3, Arap3, Nxn 
Negative:  Erbb4, Efna5, Phactr1, Pkhd1, Mecom, Etl4, Neat1, Slit2, Myo3b, Esrrg 
	   Naaladl2, Slc12a1, Fgfr2, Ank3, Sim1, Arl15, Kcnj16, Ctnnd2, Efhd1, Rbm47 
	   Mrps6, Map3k1, Kcnq1, Frmpd4, Pkp4, Dcdc2a, Phactr2, Ptprj, Cacnb4, Glis3 
PC_ 3 
Positive:  Magi2, Srgap1, Robo2, Nebl, Ptpro, Sgip1, Pard3b, Podxl, Sema3e, Wt1 
	   Mertk, Dach1, Gabrb1, Plce1, Shroom3, Arhgap28, Kank1, Iqgap2, Agrp, Plekhg1 
	   Cdc14a, Thsd7a, Synpo, Nupr1, Flrt2, Tmtc1, Col4a3, Sncaip, 2010111I01Rik, Tjp1 
Negative:  Ldb2, Csmd1, Lhfp, Ebf1, Cfh, Meis2, Plpp1, Flt1, D5Ertd615e, Slit3 
	   Gpc6, Arap3, Shank3, Egfl7, Ptprm, Fbxl7, Prkch, Pdzrn3, Col18a1, Tcf4 
	   Tshz2, Prex2, Pecam1, Lama2, Pbx1, Adgrl4, Dlc1, B3galt1, Gucy1a2, Arhgap31 
PC_ 4 
Positive:  Erbb4, Slc12a1, Etl4, Ldb2, Pkhd1, Mrps6, Fgfr2, Ptprm, Pkp4, Plekhg1 
	   Flt1, D5Ertd615e, Dysf, Plcb1, Col4a3, Fbxl7, Ephb2, Plpp1, Egfl7, Stox2 
	   Kctd1, Stk32b, Shank3, Asic2, Ptprg, Tacc2, Rapgef4, Slit2, Tcf4, Arap3 
Negative:  Phactr1, Frmpd4, Gpc5, Bmpr1b, Plcl1, Slc8a1, Kif26b, Phactr2, Tmem45b, Grip1 
	   Pde8b, Pde1a, Pde1c, Pde7b, Pde3b, Gata3, Kcnip4, Rnf128, Tfap2a, Pcdh7 
	   Tmtc2, Fgf12, Apobec3, Ptprj, Tbx3os1, Abcc4, Csmd1, Ctnnd2, Edaradd, Nav1 
PC_ 5 
Positive:  Ldb2, D5Ertd615e, Flt1, Egfl7, Plpp1, Shank3, Prkch, Arap3, Pecam1, Adgrl4 
	   Ptprm, Arhgap31, Emcn, St6galnac3, Ptprb, Inpp5d, Cyyr1, Rapgef5, Tcf4, Tek 
	   Apbb2, Nxn, Kit, Prex2, Elmo1, Fbxl7, Phactr1, Heg1, Nlgn1, Vamp5 
Negative:  Csmd1, Lhfp, Prkg1, Erbb4, Cfh, Gpc6, Lama2, B3galt1, Slit3, Kcnt2 
	   Pdzrn3, 4930578G10Rik, Pde3a, Dlc1, Gucy1a2, Cped1, Zeb2, Rbms3, Negr1, Slc12a1 
	   Fign, Cacna1c, Rora, Plcb1, Mrc2, Cdh11, Pcdh9, Col12a1, Cald1, Gm26719 
Loading required package: KernSmooth
KernSmooth 2.23 loaded
Copyright M. P. Wand 1997-2009
Loading required package: ROCR
    Optimal pK = 0.1000
    nExp = 288  (adj = 252, homotypic prop = 0.124)
Running SCTransform on assay: RNA
vst.flavor='v2' set. Using model with fixed slope and excluding poisson genes.
Calculating cell attributes from input UMI matrix: log_umi
Variance stabilizing transformation of count matrix of size 16710 by 8000
Model formula is y ~ log_umi
Get Negative Binomial regression parameters per gene
Using 2000 genes, 5000 cells
Found 9 outliers - those will be ignored in fitting/regularization step

Second step: Get residuals using fitted parameters for 16710 genes
Computing corrected count matrix for 16710 genes
Calculating gene attributes
Wall clock passed: Time difference of 22.22254 secs
Determine variable features
Centering data matrix
Place corrected count matrix in counts slot
Set default assay to SCT
PC_ 1 
Positive:  Kcnip4, Il34, Bmp6, Pakap, Slc13a1, Nhs, Slc4a4, Sorcs1, Sash1, Esrrg 
	   Auts2, Dock10, Bnc2, Malat1, Pitpnc1, Arhgap42, Ghr, Slc25a21, Picalm, Vcam1 
	   Them7, Dab2, Pter, Mast4, Pdgfd, Ankrd6, Mapk4, Kcnh8, Sema5a, Itgav 
Negative:  Mecom, Phactr1, Efna5, Erbb4, Shroom3, Myo3b, Frmpd4, Naaladl2, Rbms3, Slit2 
	   Kcnq1, Gpc5, Slc8a1, Zfhx3, Pde7b, Ctnnd2, Sox5, Kif26b, Tcf7l1, Fgfr2 
	   Bmpr1b, Maml3, Sim1, Stk39, Lrch1, Tfap2a, Rgs6, Pde8b, Arl15, Slc12a1 
PC_ 2 
Positive:  Erbb4, Efna5, Pkhd1, Phactr1, Mecom, Etl4, Neat1, Myo3b, Esrrg, Slit2 
	   Fgfr2, Naaladl2, Slc12a1, Ank3, Kcnj16, Sim1, Arl15, Mrps6, Ctnnd2, Pkp4 
	   Efhd1, Map3k1, Rbm47, Dcdc2a, Kcnq1, Frmpd4, Glis3, Ephb2, Carmil1, Phactr2 
Negative:  Ldb2, Prkg1, Csmd1, Lhfp, Meis2, Ebf1, Cfh, Magi2, Tshz2, Dlc1 
	   Robo2, Plpp1, Slit3, D5Ertd615e, Gpc6, Flt1, Pde3a, Cald1, Egfl7, Cped1 
	   Fbxl7, B3galt1, Lama2, Zeb2, Arap3, Shank3, Pdzrn3, Prex2, Nxn, Kcnt2 
PC_ 3 
Positive:  Ldb2, Csmd1, Ebf1, Plpp1, Lhfp, Meis2, D5Ertd615e, Flt1, Cfh, Arap3 
	   Egfl7, Shank3, Prkch, Ptprm, Pecam1, Slit3, Tcf4, Adgrl4, Fbxl7, Prex2 
	   Col18a1, Gpc6, Pbx1, Arhgap31, Pdzrn3, Tshz2, Emcn, Cyyr1, Heg1, Rapgef5 
Negative:  Magi2, Srgap1, Robo2, Nebl, Ptpro, Sgip1, Pard3b, Podxl, Sema3e, Wt1 
	   Mertk, Dach1, Gabrb1, Plce1, Shroom3, Arhgap28, Ntrk3, Clic5, Kank1, Iqgap2 
	   Agrp, Plekhg1, Cdc14a, Tmod3, Thsd7a, Synpo, Erbb4, Nupr1, Col4a3, Sncaip 
PC_ 4 
Positive:  Erbb4, Slc12a1, Etl4, Pkhd1, Mrps6, Plcb1, Fgfr2, Pkp4, Col4a3, Dysf 
	   Ephb2, Slit2, Kctd1, Stk32b, Ldb2, Asic2, Pdgfd, Stox2, Tacc2, Ptprm 
	   Tenm2, Plekhg1, Ptprg, Fbxl7, Spp1, Tns1, Mtcl1, Arhgap29, Gcnt2, Skap1 
Negative:  Phactr1, Frmpd4, Gpc5, Bmpr1b, Phactr2, Plcl1, Tmem45b, Kif26b, Grip1, Slc8a1 
	   Pde8b, Pde1c, Pde3b, Apobec3, Rnf128, Pde7b, Ptprj, Gata3, Tfap2a, Tmtc2 
	   Kcnip4, Pde1a, Fgf12, Tbx3os1, Abcc4, Magi2, Pcdh7, Nav1, Coro2a, Ctnnd2 
PC_ 5 
Positive:  Csmd1, Lhfp, Prkg1, Cfh, Gpc6, Lama2, Pdzrn3, Kcnt2, B3galt1, 4930578G10Rik 
	   Slit3, Rbms3, Zeb2, Pde3a, Gucy1a2, Dlc1, Cped1, Negr1, Fign, Thsd4 
	   Mrc2, Cdh11, Cacna1c, Rora, Gm26719, Erbb4, Cald1, Pcdh9, Fhl2, Col12a1 
Negative:  Ldb2, D5Ertd615e, Flt1, Plpp1, Egfl7, Shank3, Arap3, Prkch, Pecam1, Adgrl4 
	   Ptprm, Arhgap31, St6galnac3, Emcn, Tcf4, Cyyr1, Ptprb, Inpp5d, Apbb2, Tek 
	   Nxn, Plekhg1, Rapgef5, Fbxl7, Prex2, Elmo1, Vamp5, Kit, Nlgn1, Tll1 
  Doublets detected: 252 (4.2%)
  Final singlets: 5748
  Saved: KidneyUUO1_qc.rds
Warning message:
In grid.Call.graphics(C_text, as.graphicsAnnot(x$label), x$x, x$y,  :
  for 'KidneyUUO1 – DoubletFinder' in 'mbcsToSbcs': - substituted for – (U+2013)
Done: KidneyUUO1
Filtered objects saved in: /vast0/home/gdjacksonlab/lab/xxw004/UUO/Datasets/Mouse/UsedSingleCells/seurat_objects
