[1] "Creating artificial doublets for pN = 5%"
[1] "Creating artificial doublets for pN = 10%"
[1] "Creating artificial doublets for pN = 15%"
[1] "Creating artificial doublets for pN = 20%"
[1] "Creating artificial doublets for pN = 25%"
[1] "Creating Seurat object..."
[1] "Creating artificial doublets for pN = 30%"
[1] "Creating Seurat object..."
[1] "Creating Seurat object..."
[1] "Creating Seurat object..."
[1] "Creating Seurat object..."
[1] "Creating Seurat object..."
[1] "Running SCTransform..."
[1] "Running SCTransform..."
[1] "Running SCTransform..."
[1] "Running SCTransform..."
[1] "Running SCTransform..."
[1] "Running SCTransform..."
Job Statistics for 7892375:
           JobID       User               Start                 End    Elapsed   TotalCPU      State        NodeList 
---------------- ---------- ------------------- ------------------- ---------- ---------- ---------- --------------- 
       7892366_5     xxw004 2026-04-12T10:28:27 2026-04-12T10:29:49   00:01:22   00:02:33     FAILED   r1pl-hpcf-h01 
 7892366_5.batch            2026-04-12T10:28:27 2026-04-12T10:29:49   00:01:22  02:32.999     FAILED   r1pl-hpcf-h01 
7892366_5.extern            2026-04-12T10:28:27 2026-04-12T10:29:49   00:01:22  00:00.001  COMPLETED   r1pl-hpcf-h01 
Requested Resources: billing=8,cpu=8,mem=64G,node=1
Maximum CPU Memory: 23373.82M; 	CPU Efficiency: 23.32% of 00:10:56 core-walltime
