Loading required package: SeuratObject
Loading required package: sp

Attaching package: ‘SeuratObject’

The following objects are masked from ‘package:base’:

    intersect, t


Attaching package: ‘dplyr’

The following objects are masked from ‘package:stats’:

    filter, lag

The following objects are masked from ‘package:base’:

    intersect, setdiff, setequal, union

Using 8 parallel workers
SLURM array mode: processing sample index 17
Array mode: processing KidneyUUO6

=== QC + Doublet removal: KidneyUUO6 ===
  Before QC: 19987 cells
Warning: Default search for "data" layer in "RNA" assay yielded no results; utilizing "counts" layer instead.
  After QC thresholds: 19900 cells (removed 87)
  Preprocessing for DoubletFinder (SCTransform + PCA + UMAP)...
Error in getGlobalsAndPackages(expr, envir = envir, globals = globals) : 
  The total size of the 10 globals exported for future expression (‘FUN()’) is 8.42 GiB. This exceeds the maximum allowed size 8.00 GiB per plan() argument 'maxSizeOfObjects'. This limit is set to protect against transfering too large objects to parallel workers by mistake, which may not be intended and could be costly. See help("future.globals.maxSize", package = "future") for how to adjust or remove the default threshold via an R option The three largest globals are ‘FUN’ (7.97 GiB of class ‘function’), ‘object’ (456.01 MiB of class ‘numeric’) and ‘latent.data’ (660.90 KiB of class ‘list’)
Calls: SCTransform ... getGlobalsAndPackagesXApply -> getGlobalsAndPackages
Execution halted
