[1] "Creating artificial doublets for pN = 5%"
[1] "Creating artificial doublets for pN = 10%"
[1] "Creating artificial doublets for pN = 15%"
[1] "Creating artificial doublets for pN = 20%"
[1] "Creating artificial doublets for pN = 25%"
[1] "Creating artificial doublets for pN = 30%"
[1] "Creating Seurat object..."
[1] "Creating Seurat object..."
[1] "Creating Seurat object..."
[1] "Creating Seurat object..."
[1] "Creating Seurat object..."
[1] "Running SCTransform..."
[1] "Creating Seurat object..."
[1] "Running SCTransform..."
[1] "Running SCTransform..."
[1] "Running SCTransform..."
[1] "Running SCTransform..."
[1] "Running SCTransform..."
Job Statistics for 7892435:
           JobID       User               Start                 End    Elapsed   TotalCPU      State        NodeList 
---------------- ---------- ------------------- ------------------- ---------- ---------- ---------- --------------- 
       7892417_9     xxw004 2026-04-12T16:59:32 2026-04-12T17:01:08   00:01:36  03:01.371     FAILED   r1pl-hpcf-h01 
 7892417_9.batch            2026-04-12T16:59:32 2026-04-12T17:01:08   00:01:36  03:01.369     FAILED   r1pl-hpcf-h01 
7892417_9.extern            2026-04-12T16:59:32 2026-04-12T17:01:08   00:01:36  00:00.001  COMPLETED   r1pl-hpcf-h01 
Requested Resources: billing=8,cpu=8,mem=64G,node=1
Maximum CPU Memory: 33143.84M; 	CPU Efficiency: 23.57% of 00:12:48 core-walltime
