[1] "Creating artificial doublets for pN = 5%"
[1] "Creating artificial doublets for pN = 10%"
[1] "Creating artificial doublets for pN = 15%"
[1] "Creating artificial doublets for pN = 20%"
[1] "Creating artificial doublets for pN = 25%"
[1] "Creating artificial doublets for pN = 30%"
[1] "Creating Seurat object..."
[1] "Creating Seurat object..."
[1] "Creating Seurat object..."
[1] "Creating Seurat object..."
[1] "Creating Seurat object..."
[1] "Running SCTransform..."
[1] "Creating Seurat object..."
[1] "Running SCTransform..."
[1] "Running SCTransform..."
[1] "Running SCTransform..."
[1] "Running SCTransform..."
[1] "Running SCTransform..."
Job Statistics for 7892427:
           JobID       User               Start                 End    Elapsed   TotalCPU      State        NodeList 
---------------- ---------- ------------------- ------------------- ---------- ---------- ---------- --------------- 
       7892417_6     xxw004 2026-04-12T16:58:10 2026-04-12T16:58:59   00:00:49  01:41.206     FAILED   r1pl-hpcf-h01 
 7892417_6.batch            2026-04-12T16:58:10 2026-04-12T16:58:59   00:00:49  01:41.205     FAILED   r1pl-hpcf-h01 
7892417_6.extern            2026-04-12T16:58:10 2026-04-12T16:58:59   00:00:49  00:00.001  COMPLETED   r1pl-hpcf-h01 
Requested Resources: billing=8,cpu=8,mem=64G,node=1
Maximum CPU Memory: 12762.79M; 	CPU Efficiency: 25.77% of 00:06:32 core-walltime
