[1] "Creating artificial doublets for pN = 5%"
[1] "Creating artificial doublets for pN = 10%"
[1] "Creating artificial doublets for pN = 15%"
[1] "Creating artificial doublets for pN = 20%"
[1] "Creating artificial doublets for pN = 25%"
[1] "Creating artificial doublets for pN = 30%"
[1] "Creating Seurat object..."
[1] "Creating Seurat object..."
[1] "Creating Seurat object..."
[1] "Creating Seurat object..."
[1] "Creating Seurat object..."
[1] "Running SCTransform..."
[1] "Creating Seurat object..."
[1] "Running SCTransform..."
[1] "Running SCTransform..."
[1] "Running SCTransform..."
[1] "Running SCTransform..."
[1] "Running SCTransform..."
Job Statistics for 7892376:
           JobID       User               Start                 End    Elapsed   TotalCPU      State        NodeList 
---------------- ---------- ------------------- ------------------- ---------- ---------- ---------- --------------- 
       7892366_6     xxw004 2026-04-12T10:28:27 2026-04-12T10:29:17   00:00:50  01:45.545     FAILED   r1pl-hpcf-h02 
 7892366_6.batch            2026-04-12T10:28:27 2026-04-12T10:29:17   00:00:50  01:45.544     FAILED   r1pl-hpcf-h02 
7892366_6.extern            2026-04-12T10:28:27 2026-04-12T10:29:17   00:00:50  00:00.001  COMPLETED   r1pl-hpcf-h02 
Requested Resources: billing=8,cpu=8,mem=64G,node=1
Maximum CPU Memory: 14240.63M; 	CPU Efficiency: 26.50% of 00:06:40 core-walltime
