[1] "Creating artificial doublets for pN = 5%"
[1] "Creating artificial doublets for pN = 10%"
[1] "Creating artificial doublets for pN = 15%"
[1] "Creating artificial doublets for pN = 25%"
[1] "Creating artificial doublets for pN = 20%"
[1] "Creating artificial doublets for pN = 30%"
[1] "Creating Seurat object..."
[1] "Creating Seurat object..."
[1] "Creating Seurat object..."
[1] "Creating Seurat object..."
[1] "Creating Seurat object..."
[1] "Running SCTransform..."
[1] "Creating Seurat object..."
[1] "Running SCTransform..."
[1] "Running SCTransform..."
[1] "Running SCTransform..."
[1] "Running SCTransform..."
[1] "Running SCTransform..."
Job Statistics for 7892356:
           JobID       User               Start                 End    Elapsed   TotalCPU      State        NodeList 
---------------- ---------- ------------------- ------------------- ---------- ---------- ---------- --------------- 
       7892351_1     xxw004 2026-04-12T10:20:05 2026-04-12T10:21:22   00:01:17  02:30.034     FAILED   r1pl-hpcf-h05 
 7892351_1.batch            2026-04-12T10:20:05 2026-04-12T10:21:22   00:01:17  02:30.032     FAILED   r1pl-hpcf-h05 
7892351_1.extern            2026-04-12T10:20:05 2026-04-12T10:21:22   00:01:17  00:00.001  COMPLETED   r1pl-hpcf-h05 
Requested Resources: billing=8,cpu=8,mem=64G,node=1
Maximum CPU Memory: 27563.51M; 	CPU Efficiency: 24.35% of 00:10:16 core-walltime
