[1] "Creating artificial doublets for pN = 5%"
[1] "Creating artificial doublets for pN = 10%"
[1] "Creating artificial doublets for pN = 15%"
[1] "Creating artificial doublets for pN = 20%"
[1] "Creating artificial doublets for pN = 25%"
[1] "Creating artificial doublets for pN = 30%"
[1] "Creating Seurat object..."
[1] "Creating Seurat object..."
[1] "Creating Seurat object..."
[1] "Creating Seurat object..."
[1] "Creating Seurat object..."
[1] "Running SCTransform..."
[1] "Creating Seurat object..."
[1] "Running SCTransform..."
[1] "Running SCTransform..."
[1] "Running SCTransform..."
[1] "Running SCTransform..."
[1] "Running SCTransform..."
Job Statistics for 7892441:
           JobID       User               Start                 End    Elapsed   TotalCPU      State        NodeList 
---------------- ---------- ------------------- ------------------- ---------- ---------- ---------- --------------- 
      7892417_15     xxw004 2026-04-12T17:01:33 2026-04-12T17:03:24   00:01:51  03:27.151     FAILED   r1pl-hpcf-h05 
7892417_15.batch            2026-04-12T17:01:33 2026-04-12T17:03:24   00:01:51  03:27.150     FAILED   r1pl-hpcf-h05 
7892417_15.exte+            2026-04-12T17:01:33 2026-04-12T17:03:24   00:01:51  00:00.001  COMPLETED   r1pl-hpcf-h05 
Requested Resources: billing=8,cpu=8,mem=64G,node=1
Maximum CPU Memory: 39515.98M; 	CPU Efficiency: 23.31% of 00:14:48 core-walltime
