[1] "Creating artificial doublets for pN = 5%"
[1] "Creating artificial doublets for pN = 10%"
[1] "Creating artificial doublets for pN = 15%"
[1] "Creating artificial doublets for pN = 25%"
[1] "Creating Seurat object..."
[1] "Creating artificial doublets for pN = 20%"
[1] "Creating Seurat object..."
[1] "Creating artificial doublets for pN = 30%"
[1] "Creating Seurat object..."
[1] "Running SCTransform..."
[1] "Creating Seurat object..."
[1] "Running SCTransform..."
[1] "Running SCTransform..."
[1] "Creating Seurat object..."
[1] "Creating Seurat object..."
[1] "Running SCTransform..."
[1] "Running SCTransform..."
[1] "Running SCTransform..."
Job Statistics for 7892439:
           JobID       User               Start                 End    Elapsed   TotalCPU      State        NodeList 
---------------- ---------- ------------------- ------------------- ---------- ---------- ---------- --------------- 
      7892417_13     xxw004 2026-04-12T17:00:59 2026-04-12T17:01:45   00:00:46  01:39.674     FAILED   r1pl-hpcf-h05 
7892417_13.batch            2026-04-12T17:00:59 2026-04-12T17:01:45   00:00:46  01:39.673     FAILED   r1pl-hpcf-h05 
7892417_13.exte+            2026-04-12T17:00:59 2026-04-12T17:01:45   00:00:46  00:00.001  COMPLETED   r1pl-hpcf-h05 
Requested Resources: billing=8,cpu=8,mem=64G,node=1
Maximum CPU Memory: 14087.45M; 	CPU Efficiency: 27.17% of 00:06:08 core-walltime
