Loading required package: SeuratObject
Loading required package: sp

Attaching package: ‘SeuratObject’

The following objects are masked from ‘package:base’:

    intersect, t


Attaching package: ‘dplyr’

The following objects are masked from ‘package:stats’:

    filter, lag

The following objects are masked from ‘package:base’:

    intersect, setdiff, setequal, union

Using 8 parallel workers
SLURM array mode: processing sample index 15
Array mode: processing KidneyUUO4

=== QC + Doublet removal: KidneyUUO4 ===
  Before QC: 13306 cells
Warning: Default search for "data" layer in "RNA" assay yielded no results; utilizing "counts" layer instead.
  After QC thresholds: 12884 cells (removed 422)
  Preprocessing for DoubletFinder (SCTransform + PCA + UMAP)...
Warning: The default method for RunUMAP has changed from calling Python UMAP via reticulate to the R-native UWOT using the cosine metric
To use Python UMAP via reticulate, set umap.method to 'umap-learn' and metric to 'correlation'
This message will be shown once per session
    DoubletFinder: 12884 cells, expected doublet rate = 10.3%
Loading required package: fields
Loading required package: spam
Spam version 2.11-3 (2026-01-05) is loaded.
Type 'help( Spam)' or 'demo( spam)' for a short introduction 
and overview of this package.
Help for individual functions is also obtained by adding the
suffix '.spam' to the function name, e.g. 'help( chol.spam)'.

Attaching package: ‘spam’

The following object is masked from ‘package:Matrix’:

    det

The following objects are masked from ‘package:base’:

    backsolve, forwardsolve

Loading required package: viridisLite
Loading required package: RColorBrewer

Try help(fields) to get started.
Loading required package: parallel
Loading required package: sctransform
Running SCTransform on assay: RNA
vst.flavor='v2' set. Using model with fixed slope and excluding poisson genes.
Calculating cell attributes from input UMI matrix: log_umi
Variance stabilizing transformation of count matrix of size 25064 by 10526
Model formula is y ~ log_umi
Get Negative Binomial regression parameters per gene
Using 2000 genes, 5000 cells
Found 97 outliers - those will be ignored in fitting/regularization step

Second step: Get residuals using fitted parameters for 25064 genes
Computing corrected count matrix for 25064 genes
Calculating gene attributes
Wall clock passed: Time difference of 39.6326 secs
Determine variable features
Centering data matrix
Error in getGlobalsAndPackages(expr, envir = envir, globals = globals) : 
  The total size of the 14 globals exported for future expression (‘FUN()’) is 8.16 GiB. This exceeds the maximum allowed size 8.00 GiB per plan() argument 'maxSizeOfObjects'. This limit is set to protect against transfering too large objects to parallel workers by mistake, which may not be intended and could be costly. See help("future.globals.maxSize", package = "future") for how to adjust or remove the default threshold via an R option The three largest globals are ‘FUN’ (7.92 GiB of class ‘function’), ‘object’ (241.21 MiB of class ‘numeric’) and ‘split.cells’ (260.05 KiB of class ‘list’)
Calls: run_doubletfinder ... getGlobalsAndPackagesXApply -> getGlobalsAndPackages
Execution halted
