[1] "Creating artificial doublets for pN = 5%"
[1] "Creating artificial doublets for pN = 10%"
[1] "Creating artificial doublets for pN = 15%"
[1] "Creating artificial doublets for pN = 20%"
[1] "Creating artificial doublets for pN = 25%"
[1] "Creating Seurat object..."
[1] "Creating artificial doublets for pN = 30%"
[1] "Creating Seurat object..."
[1] "Creating Seurat object..."
[1] "Creating Seurat object..."
[1] "Creating Seurat object..."
[1] "Running SCTransform..."
[1] "Creating Seurat object..."
[1] "Running SCTransform..."
[1] "Running SCTransform..."
[1] "Running SCTransform..."
[1] "Running SCTransform..."
[1] "Running SCTransform..."
Job Statistics for 7892374:
           JobID       User               Start                 End    Elapsed   TotalCPU      State        NodeList 
---------------- ---------- ------------------- ------------------- ---------- ---------- ---------- --------------- 
       7892366_4     xxw004 2026-04-12T10:27:08 2026-04-12T10:29:26   00:02:18  03:48.015     FAILED   r1pl-hpcf-h02 
 7892366_4.batch            2026-04-12T10:27:08 2026-04-12T10:29:26   00:02:18  03:48.013     FAILED   r1pl-hpcf-h02 
7892366_4.extern            2026-04-12T10:27:08 2026-04-12T10:29:26   00:02:18  00:00.001  COMPLETED   r1pl-hpcf-h02 
Requested Resources: billing=8,cpu=8,mem=64G,node=1
Maximum CPU Memory: 32126.65M; 	CPU Efficiency: 20.65% of 00:18:24 core-walltime
