[1] "Creating artificial doublets for pN = 5%"
[1] "Creating artificial doublets for pN = 10%"
[1] "Creating artificial doublets for pN = 15%"
[1] "Creating artificial doublets for pN = 20%"
[1] "Creating artificial doublets for pN = 25%"
[1] "Creating artificial doublets for pN = 30%"
[1] "Creating Seurat object..."
[1] "Creating Seurat object..."
[1] "Creating Seurat object..."
[1] "Creating Seurat object..."
[1] "Creating Seurat object..."
[1] "Running SCTransform..."
[1] "Creating Seurat object..."
[1] "Running SCTransform..."
[1] "Running SCTransform..."
[1] "Running SCTransform..."
[1] "Running SCTransform..."
[1] "Running SCTransform..."
Job Statistics for 7892440:
           JobID       User               Start                 End    Elapsed   TotalCPU      State        NodeList 
---------------- ---------- ------------------- ------------------- ---------- ---------- ---------- --------------- 
      7892417_14     xxw004 2026-04-12T17:01:12 2026-04-12T17:02:11   00:00:59  02:10.338     FAILED   r1pl-hpcf-h05 
7892417_14.batch            2026-04-12T17:01:12 2026-04-12T17:02:11   00:00:59  02:10.336     FAILED   r1pl-hpcf-h05 
7892417_14.exte+            2026-04-12T17:01:12 2026-04-12T17:02:11   00:00:59  00:00.001  COMPLETED   r1pl-hpcf-h05 
Requested Resources: billing=8,cpu=8,mem=64G,node=1
Maximum CPU Memory: 18658.61M; 	CPU Efficiency: 27.54% of 00:07:52 core-walltime
