[1] "Creating artificial doublets for pN = 5%"
[1] "Creating artificial doublets for pN = 10%"
[1] "Creating artificial doublets for pN = 15%"
[1] "Creating artificial doublets for pN = 20%"
[1] "Creating Seurat object..."
[1] "Creating artificial doublets for pN = 25%"
[1] "Creating artificial doublets for pN = 30%"
[1] "Creating Seurat object..."
[1] "Creating Seurat object..."
[1] "Creating Seurat object..."
[1] "Creating Seurat object..."
[1][1] "Running SCTransform..."
 "Creating Seurat object..."
[1] "Running SCTransform..."
[1] "Running SCTransform..."
[1] "Running SCTransform..."
[1] "Running SCTransform..."
[1] "Running SCTransform..."
Job Statistics for 7892382:
           JobID       User               Start                 End    Elapsed   TotalCPU      State        NodeList 
---------------- ---------- ------------------- ------------------- ---------- ---------- ---------- --------------- 
      7892366_12     xxw004 2026-04-12T10:31:06 2026-04-12T10:32:11   00:01:05  02:23.653     FAILED   r1pl-hpcf-h05 
7892366_12.batch            2026-04-12T10:31:06 2026-04-12T10:32:11   00:01:05  02:23.650     FAILED   r1pl-hpcf-h05 
7892366_12.exte+            2026-04-12T10:31:06 2026-04-12T10:32:11   00:01:05  00:00.002  COMPLETED   r1pl-hpcf-h05 
Requested Resources: billing=8,cpu=8,mem=64G,node=1
Maximum CPU Memory: 16034.80M; 	CPU Efficiency: 27.69% of 00:08:40 core-walltime
