[1] "Creating artificial doublets for pN = 5%"
[1] "Creating artificial doublets for pN = 10%"
[1] "Creating artificial doublets for pN = 15%"
[1] "Creating artificial doublets for pN = 20%"
[1] "Creating artificial doublets for pN = 25%"
[1] "Creating artificial doublets for pN = 30%"
[1] "Creating Seurat object..."
[1] "Creating Seurat object..."
[1] "Creating Seurat object..."
[1] "Creating Seurat object..."
[1] "Creating Seurat object..."
[1] "Running SCTransform..."
[1] "Creating Seurat object..."
[1] "Running SCTransform..."
[1] "Running SCTransform..."
[1] "Running SCTransform..."
[1] "Running SCTransform..."
[1] "Running SCTransform..."
Job Statistics for 7892421:
           JobID       User               Start                 End    Elapsed   TotalCPU      State        NodeList 
---------------- ---------- ------------------- ------------------- ---------- ---------- ---------- --------------- 
       7892417_0     xxw004 2026-04-12T16:56:51 2026-04-12T16:58:05   00:01:14  02:33.648     FAILED   r1pl-hpcf-h01 
 7892417_0.batch            2026-04-12T16:56:51 2026-04-12T16:58:05   00:01:14  02:33.646     FAILED   r1pl-hpcf-h01 
7892417_0.extern            2026-04-12T16:56:51 2026-04-12T16:58:05   00:01:14  00:00.001  COMPLETED   r1pl-hpcf-h01 
Requested Resources: billing=8,cpu=8,mem=64G,node=1
Maximum CPU Memory: 27083.43M; 	CPU Efficiency: 26.01% of 00:09:52 core-walltime
