Loading required package: SeuratObject
Loading required package: sp

Attaching package: ‘SeuratObject’

The following objects are masked from ‘package:base’:

    intersect, t


Attaching package: ‘dplyr’

The following objects are masked from ‘package:stats’:

    filter, lag

The following objects are masked from ‘package:base’:

    intersect, setdiff, setequal, union

Using 8 parallel workers
SLURM array mode: processing sample index 8
Array mode: processing KidneyHealthy4

=== QC + Doublet removal: KidneyHealthy4 ===
  Before QC: 7843 cells
Warning: Default search for "data" layer in "RNA" assay yielded no results; utilizing "counts" layer instead.
  After QC thresholds: 7767 cells (removed 76)
  Preprocessing for DoubletFinder (SCTransform + PCA + UMAP)...
Warning: The default method for RunUMAP has changed from calling Python UMAP via reticulate to the R-native UWOT using the cosine metric
To use Python UMAP via reticulate, set umap.method to 'umap-learn' and metric to 'correlation'
This message will be shown once per session
    DoubletFinder: 7767 cells, expected doublet rate = 6.2%
Error in paramSweep(so, PCs = dims, sct = sct_used, num.cores = 1, future.seed = TRUE) : 
  unused argument (future.seed = TRUE)
Calls: run_doubletfinder
In addition: Warning message:
UNRELIABLE VALUE: One of the ‘future.apply’ iterations (‘future_lapply-1’) unexpectedly generated random numbers without declaring so. There is a risk that those random numbers are not statistically sound and the overall results might be invalid. To fix this, specify 'future.seed=TRUE'. This ensures that proper, parallel-safe random numbers are produced via a parallel RNG method. To disable this check, use 'future.seed = NULL', or set option 'future.rng.onMisuse' to "ignore". [future ‘future_lapply-1’ (08b3b54514bbf074c0307e360fb80108-49); on 08b3b54514bbf074c0307e360fb80108@r1pl-hpcf-h03<1077422>] 
Execution halted
