[1] "Creating artificial doublets for pN = 5%"
[1] "Creating artificial doublets for pN = 10%"
[1] "Creating artificial doublets for pN = 15%"
[1] "Creating artificial doublets for pN = 20%"
[1] "Creating Seurat object..."
[1] "Creating artificial doublets for pN = 25%"
[1] "Creating artificial doublets for pN = 30%"
[1] "Creating Seurat object..."
[1] "Creating Seurat object..."
[1] "Creating Seurat object..."
[1] "Running SCTransform..."
[1] "Creating Seurat object..."
[1] "Running SCTransform..."
[1] "Creating Seurat object..."
[1] "Running SCTransform..."
[1] "Running SCTransform..."
[1] "Running SCTransform..."
[1] "Running SCTransform..."
Job Statistics for 7892383:
           JobID       User               Start                 End    Elapsed   TotalCPU      State        NodeList 
---------------- ---------- ------------------- ------------------- ---------- ---------- ---------- --------------- 
      7892366_13     xxw004 2026-04-12T10:31:18 2026-04-12T10:32:05   00:00:47  01:44.846     FAILED   r1pl-hpcf-h02 
7892366_13.batch            2026-04-12T10:31:18 2026-04-12T10:32:05   00:00:47  01:44.844     FAILED   r1pl-hpcf-h02 
7892366_13.exte+            2026-04-12T10:31:18 2026-04-12T10:32:05   00:00:47  00:00.001  COMPLETED   r1pl-hpcf-h02 
Requested Resources: billing=8,cpu=8,mem=64G,node=1
Maximum CPU Memory: 13960.95M; 	CPU Efficiency: 27.93% of 00:06:16 core-walltime
