Loading required package: SeuratObject
Loading required package: sp

Attaching package: ‘SeuratObject’

The following objects are masked from ‘package:base’:

    intersect, t


Attaching package: ‘dplyr’

The following objects are masked from ‘package:stats’:

    filter, lag

The following objects are masked from ‘package:base’:

    intersect, setdiff, setequal, union

Using 8 parallel workers
SLURM array mode: processing sample index 3
Array mode: processing EmbryosE9_5ToE13_5

=== QC + Doublet removal: EmbryosE9_5ToE13_5 ===
  Before QC: 1869386 cells
Warning: Default search for "data" layer in "RNA" assay yielded no results; utilizing "counts" layer instead.
Rasterizing points since number of points exceeds 100,000.
To disable this behavior set `raster=FALSE`
Rasterizing points since number of points exceeds 100,000.
To disable this behavior set `raster=FALSE`
Rasterizing points since number of points exceeds 100,000.
To disable this behavior set `raster=FALSE`
  After QC thresholds: 1866824 cells (removed 2562)
  Preprocessing for DoubletFinder (SCTransform + PCA + UMAP)...
slurmstepd: error: *** JOB 7892352 ON r1pl-hpcf-h05 CANCELLED AT 2026-04-12T10:22:42 ***
