Loading required package: SeuratObject
Loading required package: sp

Attaching package: ‘SeuratObject’

The following objects are masked from ‘package:base’:

    intersect, t


Attaching package: ‘dplyr’

The following objects are masked from ‘package:stats’:

    filter, lag

The following objects are masked from ‘package:base’:

    intersect, setdiff, setequal, union

Using 8 parallel workers
SLURM array mode: processing sample index 5
Array mode: processing KidneyHealthy1

=== QC + Doublet removal: KidneyHealthy1 ===
  Before QC: 11394 cells
Warning: Default search for "data" layer in "RNA" assay yielded no results; utilizing "counts" layer instead.
  After QC thresholds: 11179 cells (removed 215)
  Preprocessing for DoubletFinder (SCTransform + PCA + UMAP)...
Warning: The default method for RunUMAP has changed from calling Python UMAP via reticulate to the R-native UWOT using the cosine metric
To use Python UMAP via reticulate, set umap.method to 'umap-learn' and metric to 'correlation'
This message will be shown once per session
    DoubletFinder: 11179 cells, expected doublet rate = 8.9%
Error in paramSweep(so, PCs = dims, sct = sct_used, num.cores = 1, future.seed = TRUE) : 
  unused argument (future.seed = TRUE)
Calls: run_doubletfinder
In addition: Warning message:
UNRELIABLE VALUE: One of the ‘future.apply’ iterations (‘future_lapply-1’) unexpectedly generated random numbers without declaring so. There is a risk that those random numbers are not statistically sound and the overall results might be invalid. To fix this, specify 'future.seed=TRUE'. This ensures that proper, parallel-safe random numbers are produced via a parallel RNG method. To disable this check, use 'future.seed = NULL', or set option 'future.rng.onMisuse' to "ignore". [future ‘future_lapply-1’ (4566ab0f14e2c92d5702c20124bc16f7-49); on 4566ab0f14e2c92d5702c20124bc16f7@r1pl-hpcf-h02<3779546>] 
Execution halted
