[1] "Creating artificial doublets for pN = 5%"
[1] "Creating artificial doublets for pN = 10%"
[1] "Creating artificial doublets for pN = 15%"
[1] "Creating artificial doublets for pN = 20%"
[1] "Creating artificial doublets for pN = 25%"
[1] "Creating artificial doublets for pN = 30%"
[1] "Creating Seurat object..."
[1] "Creating Seurat object..."
[1] "Creating Seurat object..."
[1] "Creating Seurat object..."
[1] "Creating Seurat object..."
[1] "Running SCTransform..."
[1] "Creating Seurat object..."
[1] "Running SCTransform..."
[1] "Running SCTransform..."
[1] "Running SCTransform..."
[1] "Running SCTransform..."
[1] "Running SCTransform..."
Job Statistics for 7892385:
           JobID       User               Start                 End    Elapsed   TotalCPU      State        NodeList 
---------------- ---------- ------------------- ------------------- ---------- ---------- ---------- --------------- 
      7892366_15     xxw004 2026-04-12T10:31:48 2026-04-12T10:33:38   00:01:50  03:30.043     FAILED   r1pl-hpcf-h02 
7892366_15.batch            2026-04-12T10:31:48 2026-04-12T10:33:38   00:01:50  03:30.041     FAILED   r1pl-hpcf-h02 
7892366_15.exte+            2026-04-12T10:31:48 2026-04-12T10:33:38   00:01:50  00:00.001  COMPLETED   r1pl-hpcf-h02 
Requested Resources: billing=8,cpu=8,mem=64G,node=1
Maximum CPU Memory: 40971.45M; 	CPU Efficiency: 23.86% of 00:14:40 core-walltime
