[1] "Creating artificial doublets for pN = 5%"
[1] "Creating artificial doublets for pN = 10%"
[1] "Creating artificial doublets for pN = 15%"
[1] "Creating artificial doublets for pN = 20%"
[1] "Creating Seurat object..."
[1] "Creating artificial doublets for pN = 25%"
[1] "Creating artificial doublets for pN = 30%"
[1] "Creating Seurat object..."
[1] "Creating Seurat object..."
[1] "Creating Seurat object..."
[1] "Creating Seurat object..."
[1] "Creating Seurat object..."
[1] "Running SCTransform..."
[1] "Running SCTransform..."
[1] "Running SCTransform..."
[1] "Running SCTransform..."
[1] "Running SCTransform..."
[1] "Running SCTransform..."
Job Statistics for 7892426:
           JobID       User               Start                 End    Elapsed   TotalCPU      State        NodeList 
---------------- ---------- ------------------- ------------------- ---------- ---------- ---------- --------------- 
       7892417_5     xxw004 2026-04-12T16:58:05 2026-04-12T16:59:26   00:01:21  02:34.925     FAILED   r1pl-hpcf-h02 
 7892417_5.batch            2026-04-12T16:58:05 2026-04-12T16:59:26   00:01:21  02:34.923     FAILED   r1pl-hpcf-h02 
7892417_5.extern            2026-04-12T16:58:05 2026-04-12T16:59:26   00:01:21  00:00.001  COMPLETED   r1pl-hpcf-h02 
Requested Resources: billing=8,cpu=8,mem=64G,node=1
Maximum CPU Memory: 21163.85M; 	CPU Efficiency: 23.92% of 00:10:48 core-walltime
