Loading required package: SeuratObject
Loading required package: sp

Attaching package: ‘SeuratObject’

The following objects are masked from ‘package:base’:

    intersect, t


Attaching package: ‘dplyr’

The following objects are masked from ‘package:stats’:

    filter, lag

The following objects are masked from ‘package:base’:

    intersect, setdiff, setequal, union

Using 8 parallel workers
SLURM array mode: processing sample index 3
Array mode: processing EmbryosE9_5ToE13_5

=== QC + Doublet removal: EmbryosE9_5ToE13_5 ===
  Before QC: 1869386 cells
Warning: Default search for "data" layer in "RNA" assay yielded no results; utilizing "counts" layer instead.
Rasterizing points since number of points exceeds 100,000.
To disable this behavior set `raster=FALSE`
Rasterizing points since number of points exceeds 100,000.
To disable this behavior set `raster=FALSE`
Rasterizing points since number of points exceeds 100,000.
To disable this behavior set `raster=FALSE`
  After QC thresholds: 1866824 cells (removed 2562)
  Preprocessing for DoubletFinder (SCTransform + PCA + UMAP)...
Error in getGlobalsAndPackages(expr, envir = envir, globals = globals) : 
  The total size of the 19 globals exported for future expression (‘FUN()’) is 25.41 GiB. This exceeds the maximum allowed size 8.00 GiB per plan() argument 'maxSizeOfObjects'. This limit is set to protect against transfering too large objects to parallel workers by mistake, which may not be intended and could be costly. See help("future.globals.maxSize", package = "future") for how to adjust or remove the default threshold via an R option The three largest globals are ‘FUN’ (25.39 GiB of class ‘function’), ‘umi_bin’ (19.27 MiB of class ‘numeric’) and ‘data_step1’ (1.20 MiB of class ‘list’)
Calls: SCTransform ... getGlobalsAndPackagesXApply -> getGlobalsAndPackages
Execution halted
