[1] "Creating artificial doublets for pN = 5%"
[1] "Creating artificial doublets for pN = 10%"
[1] "Creating artificial doublets for pN = 15%"
[1] "Creating artificial doublets for pN = 20%"
[1] "Creating artificial doublets for pN = 25%"
[1] "Creating artificial doublets for pN = 30%"
[1] "Creating Seurat object..."
[1] "Creating Seurat object..."
[1] "Creating Seurat object..."
[1] "Creating Seurat object..."
[1] "Creating Seurat object..."
[1] "Running SCTransform..."
[1] "Creating Seurat object..."
[1] "Running SCTransform..."
[1] "Running SCTransform..."
[1] "Running SCTransform..."
[1] "Running SCTransform..."
[1] "Running SCTransform..."
Job Statistics for 7892370:
           JobID       User               Start                 End    Elapsed   TotalCPU      State        NodeList 
---------------- ---------- ------------------- ------------------- ---------- ---------- ---------- --------------- 
       7892366_0     xxw004 2026-04-12T10:27:08 2026-04-12T10:28:21   00:01:13  02:35.971     FAILED   r1pl-hpcf-h01 
 7892366_0.batch            2026-04-12T10:27:08 2026-04-12T10:28:21   00:01:13  02:35.969     FAILED   r1pl-hpcf-h01 
7892366_0.extern            2026-04-12T10:27:08 2026-04-12T10:28:21   00:01:13  00:00.001  COMPLETED   r1pl-hpcf-h01 
Requested Resources: billing=8,cpu=8,mem=64G,node=1
Maximum CPU Memory: 26238.81M; 	CPU Efficiency: 26.71% of 00:09:44 core-walltime
