[1] "Creating artificial doublets for pN = 5%"
[1] "Creating artificial doublets for pN = 10%"
[1] "Creating artificial doublets for pN = 15%"
[1] "Creating artificial doublets for pN = 20%"
[1] "Creating artificial doublets for pN = 25%"
[1] "Creating artificial doublets for pN = 30%"
[1] "Creating Seurat object..."
[1] "Creating Seurat object..."
[1] "Creating Seurat object..."
[1] "Creating Seurat object..."
[1] "Creating Seurat object..."
[1] "Running SCTransform..."
[1] "Creating Seurat object..."
[1] "Running SCTransform..."
[1] "Running SCTransform..."
[1] "Running SCTransform..."
[1] "Running SCTransform..."
[1] "Running SCTransform..."
Job Statistics for 7892434:
           JobID       User               Start                 End    Elapsed   TotalCPU      State        NodeList 
---------------- ---------- ------------------- ------------------- ---------- ---------- ---------- --------------- 
       7892417_8     xxw004 2026-04-12T16:59:05 2026-04-12T17:00:22   00:01:17  02:42.515     FAILED   r1pl-hpcf-h03 
 7892417_8.batch            2026-04-12T16:59:05 2026-04-12T17:00:22   00:01:17  02:42.514     FAILED   r1pl-hpcf-h03 
7892417_8.extern            2026-04-12T16:59:05 2026-04-12T17:00:22   00:01:17  00:00.001  COMPLETED   r1pl-hpcf-h03 
Requested Resources: billing=8,cpu=8,mem=64G,node=1
Maximum CPU Memory: 25840.80M; 	CPU Efficiency: 26.46% of 00:10:16 core-walltime
