[1] "Creating artificial doublets for pN = 5%"
[1] "Creating artificial doublets for pN = 10%"
[1] "Creating artificial doublets for pN = 15%"
[1] "Creating artificial doublets for pN = 20%"
[1] "Creating artificial doublets for pN = 25%"
[1] "Creating artificial doublets for pN = 30%"
[1] "Creating Seurat object..."
[1] "Creating Seurat object..."
[1] "Creating Seurat object..."
[1] "Creating Seurat object..."
[1] "Running SCTransform..."
[1] "Creating Seurat object..."
[1] "Running SCTransform..."
[1] "Running SCTransform..."
[1] "Creating Seurat object..."
[1] "Running SCTransform..."
[1] "Running SCTransform..."
[1] "Running SCTransform..."
Job Statistics for 7892436:
           JobID       User               Start                 End    Elapsed   TotalCPU      State        NodeList 
---------------- ---------- ------------------- ------------------- ---------- ---------- ---------- --------------- 
      7892417_10     xxw004 2026-04-12T16:59:58 2026-04-12T17:00:53   00:00:55  02:10.640     FAILED   r1pl-hpcf-h03 
7892417_10.batch            2026-04-12T16:59:58 2026-04-12T17:00:53   00:00:55  02:10.638     FAILED   r1pl-hpcf-h03 
7892417_10.exte+            2026-04-12T16:59:58 2026-04-12T17:00:53   00:00:55  00:00.001  COMPLETED   r1pl-hpcf-h03 
Requested Resources: billing=8,cpu=8,mem=64G,node=1
Maximum CPU Memory: 15607.11M; 	CPU Efficiency: 29.77% of 00:07:20 core-walltime
