Loading required package: SeuratObject
Loading required package: sp

Attaching package: ‘SeuratObject’

The following objects are masked from ‘package:base’:

    intersect, t


Attaching package: ‘dplyr’

The following objects are masked from ‘package:stats’:

    filter, lag

The following objects are masked from ‘package:base’:

    intersect, setdiff, setequal, union

Using 8 parallel workers
SLURM array mode: processing sample index 7
Array mode: processing KidneyHealthy3

=== QC + Doublet removal: KidneyHealthy3 ===
  Before QC: 31901 cells
Warning: Default search for "data" layer in "RNA" assay yielded no results; utilizing "counts" layer instead.
  After QC thresholds: 14259 cells (removed 17642)
Error in `x[[i, drop = TRUE]]`:
! ‘skip_normalization’ not found in this Seurat object
 
Backtrace:
     ▆
  1. ├─base::isTRUE(so$skip_normalization[1])
  2. ├─so$skip_normalization
  3. └─SeuratObject:::`$.Seurat`(so, "skip_normalization")
  4.   ├─x[[i, drop = TRUE]]
  5.   └─SeuratObject:::`[[.Seurat`(x, i, drop = TRUE)
  6.     └─base::tryCatch(...)
  7.       └─base (local) tryCatchList(expr, classes, parentenv, handlers)
  8.         └─base (local) tryCatchOne(expr, names, parentenv, handlers[[1L]])
  9.           └─value[[3L]](cond)
 10.             └─rlang::abort(...)
Execution halted
