Loading required package: SeuratObject
Loading required package: sp

Attaching package: ‘SeuratObject’

The following objects are masked from ‘package:base’:

    intersect, t


Attaching package: ‘dplyr’

The following objects are masked from ‘package:stats’:

    filter, lag

The following objects are masked from ‘package:base’:

    intersect, setdiff, setequal, union

Using 8 parallel workers
SLURM array mode: processing sample index 16
Array mode: processing KidneyUUO5

=== QC + Doublet removal: KidneyUUO5 ===
  Before QC: 14777 cells
Warning: Default search for "data" layer in "RNA" assay yielded no results; utilizing "counts" layer instead.
  After QC thresholds: 14476 cells (removed 301)
  Preprocessing for DoubletFinder (SCTransform + PCA + UMAP)...
Warning: The default method for RunUMAP has changed from calling Python UMAP via reticulate to the R-native UWOT using the cosine metric
To use Python UMAP via reticulate, set umap.method to 'umap-learn' and metric to 'correlation'
This message will be shown once per session
    DoubletFinder: 14476 cells, expected doublet rate = 11.6%
Loading required package: fields
Loading required package: spam
Spam version 2.11-3 (2026-01-05) is loaded.
Type 'help( Spam)' or 'demo( spam)' for a short introduction 
and overview of this package.
Help for individual functions is also obtained by adding the
suffix '.spam' to the function name, e.g. 'help( chol.spam)'.

Attaching package: ‘spam’

The following object is masked from ‘package:Matrix’:

    det

The following objects are masked from ‘package:base’:

    backsolve, forwardsolve

Loading required package: viridisLite
Loading required package: RColorBrewer

Try help(fields) to get started.
Loading required package: parallel
Loading required package: sctransform
Running SCTransform on assay: RNA
vst.flavor='v2' set. Using model with fixed slope and excluding poisson genes.
Calculating cell attributes from input UMI matrix: log_umi
Variance stabilizing transformation of count matrix of size 24701 by 10526
Model formula is y ~ log_umi
Get Negative Binomial regression parameters per gene
Using 2000 genes, 5000 cells
Found 79 outliers - those will be ignored in fitting/regularization step

Second step: Get residuals using fitted parameters for 24701 genes
Computing corrected count matrix for 24701 genes
Calculating gene attributes
Wall clock passed: Time difference of 38.39183 secs
Determine variable features
Centering data matrix
Place corrected count matrix in counts slot
Set default assay to SCT
PC_ 1 
Positive:  Cd74, H2-Aa, H2-Eb1, H2-Ab1, C1qa, C1qb, Apoe, Lyz2, C1qc, Fcer1g 
	   Ctss, Tyrobp, Ccl4, Ms4a7, Il1b, Aif1, Ctsc, Ccl2, Cybb, Ccl3 
	   Rgs1, Ly86, H2-DMa, Trf, Cd52, Cx3cr1, H2-DMb1, Mpeg1, Ccl12, Fyb 
Negative:  Spp1, Igfbp7, Clu, Lcn2, Sparc, Umod, Wfdc2, Fxyd2, Ly6a, Atp1b1 
	   Tm4sf1, Timp3, Mal, Ldhb, Cald1, Tsc22d1, Plat, Defb1, Podxl, Epcam 
	   tdTomatoOnlyWPRE, Slc12a1, Emcn, Krt8, Mgp, Tspan8, Tagln, Cd24a, Cryab, Sparcl1 
PC_ 2 
Positive:  Sparc, Emcn, Tm4sf1, Egfl7, Ptprb, Plat, Flt1, Cdh5, Vim, Fabp4 
	   Cald1, Podxl, Pecam1, Igfbp5, Adgrl4, Mgp, Meis2, Plpp1, Sparcl1, Kdr 
	   Cd34, Cldn5, Ctla2a, Slc9a3r2, Timp3, Ramp2, Sox17, Ly6c1, Cd93, Igfbp3 
Negative:  Spp1, Fxyd2, Umod, Clu, Wfdc2, Lcn2, Atp1b1, Ldhb, Defb1, Slc12a1 
	   Epcam, Mal, tdTomatoOnlyWPRE, Krt8, Klk1, Pdzk1ip1, Krt18, Ly6a, Atp1a1, Tacstd2 
	   Cldn10, Hsd11b2, Krt7, Cdh16, Cd24a, Tmem213, Kng2, Fxyd4, Tfcp2l1, Sostdc1 
PC_ 3 
Positive:  Ccl5, Ctla2a, Trbc2, Nkg7, Cd3g, Ms4a4b, Egfl7, Emcn, AW112010, Cd3d 
	   Ptprb, Flt1, Pecam1, Cdh5, Ltb, Fabp4, Adgrl4, Cd69, Gimap6, Gimap4 
	   Ptprcap, Ly6c1, Igkc, Kdr, Cd52, Cd79a, Cd34, Sox17, Ptprc, Trbc1 
Negative:  Igfbp7, Cdkn1c, Nphs2, Enpep, Col1a2, Mafb, Nphs1, Thsd7a, Magi2, Wt1 
	   Podxl, Vegfa, Clic3, Col4a3, Apoe, Tcf21, Aebp1, Ptpro, C1qa, Lpl 
	   C1qb, Sparc, Cfh, Ildr2, Col1a1, Col3a1, C1qc, Mgp, Synpo, Nes 
PC_ 4 
Positive:  Nphs2, Podxl, Cdkn1c, H2-Q7, Thsd7a, Enpep, Nphs1, Magi2, Clic3, Wt1 
	   Vegfa, Ptpro, Col4a3, Clic5, Dpp4, Synpo, Ildr2, Srgap1, Ccl5, H2-Q6 
	   Mafb, Plat, Rab3b, Nes, Trbc2, Robo2, Nkg7, Ms4a4b, Ddn, Cd3g 
Negative:  Mgp, Tagln, Spp1, Cfh, Bgn, Cald1, Col3a1, Acta2, Sparcl1, Col1a1 
	   Rgs5, Apoe, Myl9, Serping1, Tpm2, Serpine2, C1qa, Myh11, C1qb, Lhfp 
	   C1qc, Dcn, Lyz2, Fn1, Gm13889, Col1a2, Igfbp5, Col15a1, Col4a1, Col5a2 
PC_ 5 
Positive:  Tagln, Mgp, Col3a1, Acta2, Col1a1, Ccl5, Cfh, Trbc2, Bgn, Col1a2 
	   Ms4a4b, Cd3g, Nkg7, Rgs5, Tpm2, Serping1, Myl9, Cd3d, Lgals1, AW112010 
	   Cald1, Myh11, Ltb, Lhfp, Cd52, Cd69, Dcn, Ptprcap, Serpine2, Igkc 
Negative:  Emcn, Egfl7, Ptprb, Flt1, Cdh5, Ly6c1, Fabp4, Podxl, Kdr, Adgrl4 
	   C1qa, C1qb, Apoe, Pecam1, Plat, C1qc, Ly6a, Sox17, Adgrf5, Cldn5 
	   Tm4sf1, Spp1, Cd34, Slc9a3r2, Plpp1, Ramp2, Lyz2, Cd93, Timp3, Mmrn2 
Running SCTransform on assay: RNA
vst.flavor='v2' set. Using model with fixed slope and excluding poisson genes.
Calculating cell attributes from input UMI matrix: log_umi
Variance stabilizing transformation of count matrix of size 25109 by 11111
Model formula is y ~ log_umi
Get Negative Binomial regression parameters per gene
Using 2000 genes, 5000 cells
Found 47 outliers - those will be ignored in fitting/regularization step

Second step: Get residuals using fitted parameters for 25109 genes
Computing corrected count matrix for 25109 genes
Calculating gene attributes
Wall clock passed: Time difference of 41.9332 secs
Determine variable features
Centering data matrix
Place corrected count matrix in counts slot
Set default assay to SCT
PC_ 1 
Positive:  Spp1, Igfbp7, Clu, Lcn2, Sparc, Umod, Fxyd2, Wfdc2, Ly6a, Atp1b1 
	   Tm4sf1, Timp3, Ldhb, Mal, Cald1, Plat, Podxl, Defb1, Tsc22d1, Emcn 
	   Epcam, Slc12a1, tdTomatoOnlyWPRE, Mgp, Tagln, Igfbp5, Sparcl1, Krt8, Tspan8, Cryab 
Negative:  Cd74, H2-Aa, H2-Eb1, H2-Ab1, C1qa, C1qb, Apoe, C1qc, Lyz2, Ctss 
	   Fcer1g, Tyrobp, Ccl4, Ms4a7, Il1b, Ccl2, Ctsc, Aif1, Rgs1, Cybb 
	   Ccl3, H2-DMa, Ly86, Trf, Ccl12, Cd52, H2-DMb1, Cx3cr1, Fyb, Mpeg1 
PC_ 2 
Positive:  Sparc, Emcn, Tm4sf1, Egfl7, Ptprb, Plat, Flt1, Podxl, Fabp4, Mgp 
	   Igfbp5, Cald1, Cdh5, Vim, Sparcl1, Meis2, Pecam1, Kdr, Plpp1, Adgrl4 
	   Cldn5, Cd34, Ctla2a, Col1a2, Slc9a3r2, Timp3, Bgn, Ly6c1, Igfbp3, Ramp2 
Negative:  Spp1, Fxyd2, Umod, Clu, Lcn2, Wfdc2, Atp1b1, Ldhb, Slc12a1, Defb1 
	   Epcam, Mal, tdTomatoOnlyWPRE, Krt8, Klk1, Pdzk1ip1, Krt18, Ly6a, Tacstd2, Cldn10 
	   Krt7, Atp1a1, Hsd11b2, Cdh16, Cd24a, Tmem213, Fxyd4, Kng2, Sfn, Tfcp2l1 
PC_ 3 
Positive:  Ccl5, Trbc2, Ctla2a, Nkg7, Ms4a4b, Cd3g, AW112010, Emcn, Egfl7, Cd3d 
	   Ptprb, Flt1, Ltb, Fabp4, Cdh5, Pecam1, Igkc, Cd69, Adgrl4, Cd79a 
	   Gimap6, Ptprcap, Cd52, Gimap4, Kdr, Ly6c1, Ptprc, Trbc1, Rac2, Cd34 
Negative:  Cdkn1c, Nphs2, Igfbp7, Enpep, Col1a2, Mafb, Thsd7a, Nphs1, Podxl, Magi2 
	   Wt1, Vegfa, Apoe, Clic3, Col4a3, C1qa, C1qb, Tcf21, Ptpro, Aebp1 
	   Cfh, Lpl, Col1a1, Col3a1, C1qc, Mgp, Sparc, Ildr2, Nupr1, Tagln 
PC_ 4 
Positive:  Podxl, Nphs2, Cdkn1c, Thsd7a, Enpep, Nphs1, H2-Q7, Magi2, Clic3, Vegfa 
	   Clic5, Wt1, Plat, Col4a3, Ptpro, Mafb, Synpo, Cldn5, Dpp4, Srgap1 
	   Ildr2, Nes, Rab3b, Sema3g, H2-Q6, Robo2, Ddn, Golim4, Myom2, Iqgap2 
Negative:  Mgp, Tagln, Cfh, Col3a1, Bgn, Col1a1, Acta2, Rgs5, Cald1, Serping1 
	   Tpm2, Sparcl1, Myl9, Col1a2, Serpine2, Myh11, Dcn, Lhfp, Lgals1, Fn1 
	   Col6a3, Col15a1, Col5a2, Gm13889, Cygb, Mfap5, Col6a1, Rbp1, Rarres2, Gucy1a1 
PC_ 5 
Positive:  Emcn, Egfl7, Ptprb, Apoe, C1qa, Flt1, C1qb, C1qc, Spp1, Ly6c1 
	   Fabp4, Cdh5, Kdr, Adgrl4, Ly6a, Lyz2, Pecam1, Fxyd2, Cd34, Sox17 
	   Umod, Adgrf5, Plpp1, Ramp2, Igfbp3, Clu, Cd93, Wfdc2, Mmrn2, Meis2 
Negative:  Ccl5, Trbc2, Nkg7, Ms4a4b, Cd3g, AW112010, Cd3d, Ltb, Cd52, Cd69 
	   Igkc, Ptprcap, Ptprc, Tagln, Cd79a, H2-Q7, Col1a2, Trbc1, Rac2, Col1a1 
	   Col3a1, Lgals1, Acta2, Mgp, Cfh, Coro1a, Ctsw, Bgn, Ighm, Cd37 
Running SCTransform on assay: RNA
vst.flavor='v2' set. Using model with fixed slope and excluding poisson genes.
Calculating cell attributes from input UMI matrix: log_umi
Variance stabilizing transformation of count matrix of size 25516 by 11765
Model formula is y ~ log_umi
Get Negative Binomial regression parameters per gene
Using 2000 genes, 5000 cells
Found 42 outliers - those will be ignored in fitting/regularization step

Second step: Get residuals using fitted parameters for 25516 genes
Computing corrected count matrix for 25516 genes
Calculating gene attributes
Wall clock passed: Time difference of 44.29364 secs
Determine variable features
Centering data matrix
Place corrected count matrix in counts slot
Set default assay to SCT
PC_ 1 
Positive:  Cd74, H2-Aa, H2-Eb1, H2-Ab1, C1qa, C1qb, Apoe, Lyz2, C1qc, Fcer1g 
	   Ctss, Ccl4, Tyrobp, Ms4a7, Il1b, Ccl2, Ctsc, Aif1, Ccl3, Cybb 
	   Rgs1, Ly86, Cd52, Ccl12, H2-DMa, Trf, H2-DMb1, Cx3cr1, Fyb, Mpeg1 
Negative:  Spp1, Igfbp7, Clu, Lcn2, Umod, Sparc, Fxyd2, Wfdc2, Ly6a, Atp1b1 
	   Timp3, Tm4sf1, Ldhb, Mal, Cald1, Podxl, Tsc22d1, Plat, Epcam, Defb1 
	   Slc12a1, tdTomatoOnlyWPRE, Mgp, Emcn, Tagln, Cd24a, Krt8, Tspan8, Igfbp5, Sparcl1 
PC_ 2 
Positive:  Spp1, Fxyd2, Umod, Lcn2, Clu, Wfdc2, Atp1b1, Ldhb, Slc12a1, Defb1 
	   Mal, Epcam, tdTomatoOnlyWPRE, Klk1, Krt8, Pdzk1ip1, Ly6a, Krt18, Atp1a1, Hsd11b2 
	   Cldn10, Tacstd2, Cd24a, Krt7, Cdh16, Fxyd4, Tmem213, Kng2, Lgals3, Sfn 
Negative:  Sparc, Emcn, Tm4sf1, Plat, Mgp, Ptprb, Egfl7, Vim, Podxl, Fabp4 
	   Igfbp5, Cald1, Flt1, Cdh5, Sparcl1, Kdr, Col1a2, Cldn5, Meis2, Pecam1 
	   Plpp1, Adgrl4, Bgn, Timp3, Cd34, Ctla2a, Slc9a3r2, Tagln, Igfbp3, Col1a1 
PC_ 3 
Positive:  Igfbp7, Cdkn1c, Nphs2, Col1a2, Enpep, Apoe, Mafb, Podxl, Thsd7a, Nphs1 
	   Magi2, Wt1, C1qa, Clic3, C1qb, Vegfa, Col4a3, Col1a1, Col3a1, Mgp 
	   Cfh, C1qc, Sparc, Tcf21, Aebp1, Ptpro, Lyz2, Bgn, Lpl, Tagln 
Negative:  Ccl5, Trbc2, Nkg7, Ms4a4b, Cd3g, Ctla2a, AW112010, Emcn, Cd3d, Egfl7 
	   Ltb, Igkc, Ptprb, Fabp4, Flt1, Cd69, Cd79a, Cd52, Pecam1, Cdh5 
	   Ptprcap, Adgrl4, Gimap6, Gimap4, Kdr, Trbc1, Ptprc, Ly6c1, Rac2, Srgn 
PC_ 4 
Positive:  Podxl, Nphs2, Cdkn1c, Thsd7a, Enpep, Nphs1, H2-Q7, Magi2, Clic3, Wt1 
	   Vegfa, Clic5, Col4a3, Ptpro, Plat, Mafb, Synpo, Ildr2, Srgap1, Dpp4 
	   Nes, Cldn5, Rab3b, Sema3g, H2-Q6, Robo2, Ddn, Golim4, Iqgap2, Myom2 
Negative:  Mgp, Tagln, Col3a1, Cfh, Col1a1, Bgn, Acta2, Rgs5, Cald1, Serping1 
	   Sparcl1, Myl9, Tpm2, Col1a2, Serpine2, Dcn, Myh11, Lhfp, Col6a3, Col15a1 
	   Fn1, Spp1, Lgals1, Col5a2, Gm13889, Mfap5, Cygb, Rbp1, Col6a1, Col12a1 
PC_ 5 
Positive:  Emcn, Egfl7, Ptprb, Flt1, Fabp4, Apoe, Kdr, Ly6c1, Cdh5, C1qa 
	   C1qb, Adgrl4, C1qc, Spp1, Pecam1, Ly6a, Sox17, Cd34, Plpp1, Lyz2 
	   Adgrf5, Igfbp3, Fxyd2, Ramp2, Umod, Cd93, Gpihbp1, Timp3, Clu, Mmrn2 
Negative:  Ccl5, Trbc2, Nkg7, Ms4a4b, Cd3g, Cd3d, AW112010, Tagln, Col1a2, Col3a1 
	   Col1a1, Ltb, Mgp, Cd52, Igkc, Cfh, Cd69, Acta2, Bgn, Ptprcap 
	   Cd79a, Ptprc, Lgals1, Trbc1, Serping1, Rgs5, Tpm2, Rac2, Myl9, H2-Q7 
Running SCTransform on assay: RNA
vst.flavor='v2' set. Using model with fixed slope and excluding poisson genes.
Calculating cell attributes from input UMI matrix: log_umi
Variance stabilizing transformation of count matrix of size 25827 by 12500
Model formula is y ~ log_umi
Get Negative Binomial regression parameters per gene
Using 2000 genes, 5000 cells
Found 25 outliers - those will be ignored in fitting/regularization step

Second step: Get residuals using fitted parameters for 25827 genes
Computing corrected count matrix for 25827 genes
Calculating gene attributes
Wall clock passed: Time difference of 50.58082 secs
Determine variable features
Centering data matrix
Place corrected count matrix in counts slot
Set default assay to SCT
PC_ 1 
Positive:  Spp1, Clu, Igfbp7, Umod, Lcn2, Fxyd2, Sparc, Wfdc2, Ly6a, Atp1b1 
	   Timp3, Ldhb, Tm4sf1, Mal, Cald1, Tsc22d1, Podxl, Mgp, Slc12a1, Plat 
	   Tagln, Defb1, Epcam, tdTomatoOnlyWPRE, Emcn, Igfbp5, Cd24a, Sparcl1, Krt8, Tspan8 
Negative:  Cd74, H2-Aa, H2-Eb1, H2-Ab1, Apoe, C1qa, C1qb, Lyz2, C1qc, Fcer1g 
	   Ctss, Ccl4, Tyrobp, Ms4a7, Il1b, Ccl2, Ctsc, Aif1, Ccl3, Cybb 
	   Ccl12, Rgs1, Ly86, Cd52, H2-DMa, Trf, H2-DMb1, Cst3, Cxcl2, Mpeg1 
PC_ 2 
Positive:  Sparc, Emcn, Tm4sf1, Mgp, Plat, Vim, Igfbp5, Cald1, Ptprb, Egfl7 
	   Podxl, Fabp4, Col1a2, Sparcl1, Bgn, Flt1, Cdh5, Tagln, Col3a1, Col1a1 
	   Timp3, Kdr, Cldn5, Meis2, Plpp1, Pecam1, Cfh, Adgrl4, Ctla2a, Serpine2 
Negative:  Spp1, Umod, Fxyd2, Clu, Lcn2, Wfdc2, Atp1b1, Ldhb, Slc12a1, Defb1 
	   Mal, Klk1, Epcam, tdTomatoOnlyWPRE, Krt8, Ly6a, Atp1a1, Pdzk1ip1, Krt18, Hsd11b2 
	   Cldn10, Cd24a, Tacstd2, Krt7, Fxyd4, Cdh16, Kng2, Tmem213, Lgals3, Sostdc1 
PC_ 3 
Positive:  Ccl5, Trbc2, Nkg7, Ms4a4b, Cd3g, AW112010, Cd3d, Igkc, Ltb, Ctla2a 
	   Cd52, Cd69, Cd79a, Ptprcap, Ptprc, Trbc1, Emcn, Egfl7, Rac2, Gimap6 
	   Ighm, Gimap4, Fabp4, Ptprb, Flt1, Rps24, Srgn, Pecam1, Cd37, Ctsw 
Negative:  Igfbp7, Apoe, Col1a2, C1qa, Mgp, C1qb, Col1a1, Col3a1, Spp1, Cfh 
	   Cdkn1c, C1qc, Bgn, Lyz2, Nphs2, Sparc, Tagln, Enpep, Mafb, Serping1 
	   Thsd7a, Aebp1, Podxl, Dcn, Nphs1, Acta2, Magi2, Wt1, Vegfa, Col4a3 
PC_ 4 
Positive:  Podxl, Nphs2, Cdkn1c, Thsd7a, Plat, Enpep, Nphs1, Clic5, Clic3, Magi2 
	   Vegfa, Wt1, Cldn5, Col4a3, Mafb, Ptpro, Synpo, H2-Q7, Sema3g, Nes 
	   Srgap1, Ildr2, Dpp4, Rab3b, Tm4sf1, Robo2, Npnt, Golim4, H2-Q6, Ddn 
Negative:  Mgp, Tagln, Col3a1, Col1a1, Cfh, Bgn, Acta2, Rgs5, Col1a2, Tpm2 
	   Myl9, Serping1, Cald1, Sparcl1, Dcn, Myh11, Serpine2, Lgals1, Lhfp, Col6a3 
	   Fn1, Col15a1, Mfap5, Col5a2, Gm13889, Cygb, Col6a1, Col12a1, Mustn1, Crlf1 
PC_ 5 
Positive:  Nphs2, Cdkn1c, Ccl5, H2-Q7, Enpep, Trbc2, Nkg7, Ms4a4b, Nphs1, Cd3g 
	   Thsd7a, Magi2, Clic3, Wt1, Podxl, AW112010, Cd3d, Vegfa, Cd52, Ltb 
	   Igkc, Col4a3, Ptpro, Cd69, Dpp4, Ildr2, Cd79a, Tcf21, Ptprc, Ptprcap 
Negative:  Emcn, Egfl7, Ptprb, Fabp4, Flt1, Ly6c1, Cdh5, Kdr, Spp1, Adgrl4 
	   Apoe, Pecam1, Ly6a, Igfbp3, C1qa, Cd34, Plpp1, C1qb, Sox17, Ramp2 
	   Adgrf5, Meis2, C1qc, Umod, Plvap, Cd93, Fxyd2, Gpihbp1, Mmrn2, Plk2 
Running SCTransform on assay: RNA
vst.flavor='v2' set. Using model with fixed slope and excluding poisson genes.
Calculating cell attributes from input UMI matrix: log_umi
Variance stabilizing transformation of count matrix of size 26171 by 13333
Model formula is y ~ log_umi
Get Negative Binomial regression parameters per gene
Using 2000 genes, 5000 cells
Found 12 outliers - those will be ignored in fitting/regularization step

Second step: Get residuals using fitted parameters for 26171 genes
Computing corrected count matrix for 26171 genes
Calculating gene attributes
Wall clock passed: Time difference of 51.67881 secs
Determine variable features
Centering data matrix
Error in getGlobalsAndPackages(expr, envir = envir, globals = globals) : 
  The total size of the 14 globals exported for future expression (‘FUN()’) is 8.36 GiB. This exceeds the maximum allowed size 8.00 GiB per plan() argument 'maxSizeOfObjects'. This limit is set to protect against transfering too large objects to parallel workers by mistake, which may not be intended and could be costly. See help("future.globals.maxSize", package = "future") for how to adjust or remove the default threshold via an R option The three largest globals are ‘FUN’ (8.06 GiB of class ‘function’), ‘object’ (305.49 MiB of class ‘numeric’) and ‘split.cells’ (295.22 KiB of class ‘list’)
Calls: run_doubletfinder ... getGlobalsAndPackagesXApply -> getGlobalsAndPackages
Execution halted
