Loading required package: SeuratObject
Loading required package: sp

Attaching package: ‘SeuratObject’

The following objects are masked from ‘package:base’:

    intersect, t


Attaching package: ‘dplyr’

The following objects are masked from ‘package:stats’:

    filter, lag

The following objects are masked from ‘package:base’:

    intersect, setdiff, setequal, union

Using 8 parallel workers
SLURM array mode: processing sample index 7
Array mode: processing KidneyHealthy3

=== QC + Doublet removal: KidneyHealthy3 ===
  Before QC: 31901 cells
Warning: Default search for "data" layer in "RNA" assay yielded no results; utilizing "counts" layer instead.
  After QC thresholds: 24246 cells (removed 7655)
  Preprocessing for DoubletFinder (SCTransform + PCA + UMAP)...
Warning: The default method for RunUMAP has changed from calling Python UMAP via reticulate to the R-native UWOT using the cosine metric
To use Python UMAP via reticulate, set umap.method to 'umap-learn' and metric to 'correlation'
This message will be shown once per session
    DoubletFinder: 24246 cells, expected doublet rate = 19.4%
Error in paramSweep(so, PCs = dims, sct = sct_used, num.cores = 1, future.seed = TRUE) : 
  unused argument (future.seed = TRUE)
Calls: run_doubletfinder
In addition: Warning message:
UNRELIABLE VALUE: One of the ‘future.apply’ iterations (‘future_lapply-1’) unexpectedly generated random numbers without declaring so. There is a risk that those random numbers are not statistically sound and the overall results might be invalid. To fix this, specify 'future.seed=TRUE'. This ensures that proper, parallel-safe random numbers are produced via a parallel RNG method. To disable this check, use 'future.seed = NULL', or set option 'future.rng.onMisuse' to "ignore". [future ‘future_lapply-1’ (55920bad6eff0d9e651967ec9b86a997-49); on 55920bad6eff0d9e651967ec9b86a997@r1pl-hpcf-h01<2869438>] 
Execution halted
