[1] "Creating artificial doublets for pN = 5%"
[1] "Creating artificial doublets for pN = 10%"
[1] "Creating artificial doublets for pN = 15%"
[1] "Creating artificial doublets for pN = 20%"
[1] "Creating Seurat object..."
[1] "Creating artificial doublets for pN = 30%"
[1] "Creating artificial doublets for pN = 25%"
[1] "Creating Seurat object..."
[1] "Creating Seurat object..."
[1] "Creating Seurat object..."
[1] "Creating Seurat object..."
[1] "Creating Seurat object..."
[1] "Running SCTransform..."
[1] "Running SCTransform..."
[1] "Running SCTransform..."
[1] "Running SCTransform..."
[1] "Running SCTransform..."
[1] "Running SCTransform..."
Job Statistics for 7892425:
           JobID       User               Start                 End    Elapsed   TotalCPU      State        NodeList 
---------------- ---------- ------------------- ------------------- ---------- ---------- ---------- --------------- 
       7892417_4     xxw004 2026-04-12T16:56:51 2026-04-12T16:59:01   00:02:10  03:43.960     FAILED   r1pl-hpcf-h02 
 7892417_4.batch            2026-04-12T16:56:51 2026-04-12T16:59:01   00:02:10  03:43.958     FAILED   r1pl-hpcf-h02 
7892417_4.extern            2026-04-12T16:56:51 2026-04-12T16:59:01   00:02:10  00:00.001  COMPLETED   r1pl-hpcf-h02 
Requested Resources: billing=8,cpu=8,mem=64G,node=1
Maximum CPU Memory: 32077.70M; 	CPU Efficiency: 21.54% of 00:17:20 core-walltime
