Loading required package: SeuratObject
Loading required package: sp

Attaching package: ‘SeuratObject’

The following objects are masked from ‘package:base’:

    intersect, t

Loading required package: Rcpp

Attaching package: ‘dplyr’

The following objects are masked from ‘package:stats’:

    filter, lag

The following objects are masked from ‘package:base’:

    intersect, setdiff, setequal, union

Excluding: BladderHomogenate1, BladderHomogenate2
Loading 21 QC-filtered datasets...
  [1/21] ChenSpatial
    Renaming assay 'originalexp' → 'RNA' for ChenSpatial
Renaming default assay from originalexp to RNA
  [2/21] EmbryosE9_5ToE13_5
  [3/21] KidneyE18_5_1
  [4/21] KidneyHealthy1
  [5/21] KidneyHealthy2
  [6/21] KidneyHealthy3
  [7/21] KidneyHealthy4
  [8/21] KidneyHealthy5
  [9/21] KidneyrUUO1
  [10/21] KidneyTET2UUO
  [11/21] KidneyUUO1
  [12/21] KidneyUUO2
  [13/21] KidneyUUO3
  [14/21] KidneyUUO4
  [15/21] KidneyUUO5
  [16/21] KidneyUUO6
  [17/21] KidneyUUO7
  [18/21] KidneyUUO8
  [19/21] KudoUUOUrothelium
  [20/21] LakesnRNA
    Renaming assay 'originalexp' → 'RNA' for LakesnRNA
Renaming default assay from originalexp to RNA
  [21/21] MKA
    Renaming assay 'originalexp' → 'RNA' for MKA
Renaming default assay from originalexp to RNA
Warning messages:
1: Key ‘originalexp_’ taken, using ‘rna_’ instead 
2: Key ‘originalexp_’ taken, using ‘rna_’ instead 
3: Key ‘originalexp_’ taken, using ‘rna_’ instead 
Total cells loaded: 2,877,370
Merging all objects (Seurat v5 layer-aware merge)...
Merged object: 2,877,370 cells, 72,142 genes
Layers: data.1, data.17, data.18, data.GOF.Kudo.19, data.LOF.Kudo.19, data.Vehicle.Kudo.19, data.Yoda.Kudo.19, data.Urotherlium.19, data.GSM3827175_NMU_O_P.UroBladderOrganoid.19, data.GSM3827176_NMU_O_D.UroBladderOrganoid.19, data.20, data.21, counts.2, counts.3, counts.4, counts.5, counts.6, counts.7, counts.8, counts.9, counts.10, counts.11, counts.12, counts.13, counts.14, counts.15, counts.16, counts.GOF.Kudo.19, counts.LOF.Kudo.19, counts.Vehicle.Kudo.19, counts.Yoda.Kudo.19, scale.data.GOF.Kudo.19, scale.data.LOF.Kudo.19, scale.data.Vehicle.Kudo.19, scale.data.Yoda.Kudo.19, counts.Urotherlium.19, scale.data.Urotherlium.19, counts.GSM3827175_NMU_O_P.UroBladderOrganoid.19, counts.GSM3827176_NMU_O_D.UroBladderOrganoid.19, scale.data.GSM3827175_NMU_O_P.UroBladderOrganoid.19, scale.data.GSM3827176_NMU_O_D.UroBladderOrganoid.19, scale.data.UroBladderOrganoid.19, scale.data.19
Filling 865,201 missing pct_mt values with 0 (pre-processed)

Cells per sample (batch):
  ChenSpatial          : 203,139
  EmbryosE9_5ToE13_5   : 1,866,824
  KidneyE18_5_1        : 20,100
  KidneyHealthy1       : 10,241
  KidneyHealthy2       : 2,820
  KidneyHealthy3       : 19,957
  KidneyHealthy4       : 7,334
  KidneyHealthy5       : 11,102
  KidneyrUUO1          : 2,866
  KidneyTET2UUO        : 17,272
  KidneyUUO1           : 5,748
  KidneyUUO2           : 2,056
  KidneyUUO3           : 4,279
  KidneyUUO4           : 11,650
  KidneyUUO5           : 12,944
  KidneyUUO6           : 16,976
  KidneyUUO7           : 6,509
  KidneyUUO8           : 8,050
  KudoUUOUrothelium    : 190,338
  LakesnRNA            : 315,764
  MKA                  : 141,401

Normalizing (log-normalization per sample layer)...
Finding 3000 variable features...
  Top HVGs: Nupr1, Fabp4, Top2a, Cenpf, Fxyd4, Igfbp3, Igfbp5, Cp, Ptn, Fn1

Sketch-based integration: 50000 cells per sample...
Error in match.arg(arg = method) : 
  'arg' should be one of “LeverageScore”, “Uniform”
Calls: SketchData -> match.arg
Execution halted
