Loading required package: SeuratObject
Loading required package: sp

Attaching package: ‘SeuratObject’

The following objects are masked from ‘package:base’:

    intersect, t

=== 03b: Export for scVI/scANVI ===
Excluded from integration : BladderHomogenate1, BladderHomogenate2
Excluded (no raw counts)  : ChenSpatial, LakesnRNA, MKA, KudoUUOUrothelium, KidneyUUO7, KidneyUUO8
Loading merged object to retrieve HVG list and gene universe...
  HVGs: 3000 / total genes: 72142

Processing 15 count-based datasets:
  [1/15] EmbryosE9_5ToE13_5
  [2/15] KidneyE18_5_1
  [3/15] KidneyHealthy1
  [4/15] KidneyHealthy2
  [5/15] KidneyHealthy3
  [6/15] KidneyHealthy4
  [7/15] KidneyHealthy5
  [8/15] KidneyTET2UUO
  [9/15] KidneyUUO1
  [10/15] KidneyUUO2
  [11/15] KidneyUUO3
  [12/15] KidneyUUO4
  [13/15] KidneyUUO5
  [14/15] KidneyUUO6
  [15/15] KidneyrUUO1

Concatenating count matrices...
Error in match.names(clabs, names(xi)) : 
  names do not match previous names
Calls: do.call -> <Anonymous> -> rbind -> match.names
Execution halted
