Submitted Step 1 (load):              job 7891103
Submitted Step 2a (QC array 0-17,19-22): job 7891104 (depends on 7891103)
Submitted Step 2b (QC sci_kidney):    job 7891105 (depends on 7891103)
Submitted Step 2c (QC summary):       job 7891106 (depends on 7891104 + 7891105)
Submitted Step 3 (integrate):         job 7891107 (depends on 7891106)

Full pipeline submitted. Monitor with: squeue -u $USER
Logs in: logs/

Job IDs:
  Step 1 (load):         7891103
  Step 2a (QC array):    7891104
  Step 2b (QC sci):      7891105
  Step 2c (QC summary):  7891106
  Step 3 (integrate):    7891107
Job Statistics for 7891102:
           JobID       User               Start                 End    Elapsed   TotalCPU      State        NodeList 
---------------- ---------- ------------------- ------------------- ---------- ---------- ---------- --------------- 
         7891102     xxw004 2026-04-10T20:45:12 2026-04-10T20:45:13   00:00:01  00:00.074  COMPLETED   r1pl-hpcf-h05 
   7891102.batch            2026-04-10T20:45:12 2026-04-10T20:45:13   00:00:01  00:00.072  COMPLETED   r1pl-hpcf-h05 
  7891102.extern            2026-04-10T20:45:12 2026-04-10T20:45:13   00:00:01  00:00.001  COMPLETED   r1pl-hpcf-h05 
Requested Resources: billing=1,cpu=1,mem=4G,node=1
Maximum CPU Memory: 2.14M; 	CPU Efficiency: 0.00% of 00:00:01 core-walltime
