Submitted Step 1 (load):              job 7891204
Submitted Step 2a (QC array 0-17,19-22): job 7891205 (depends on 7891204)
Submitted Step 2b (QC sci_kidney):    job 7891206 (depends on 7891204)
Submitted Step 2c (QC summary):       job 7891207 (depends on 7891205 + 7891206)
Submitted Step 3 (integrate):         job 7891208 (depends on 7891207)

Full pipeline submitted. Monitor with: squeue -u $USER
Logs in: logs/

Job IDs:
  Step 1 (load):         7891204
  Step 2a (QC array):    7891205
  Step 2b (QC sci):      7891206
  Step 2c (QC summary):  7891207
  Step 3 (integrate):    7891208
Job Statistics for 7891203:
           JobID       User               Start                 End    Elapsed   TotalCPU      State        NodeList 
---------------- ---------- ------------------- ------------------- ---------- ---------- ---------- --------------- 
         7891203     xxw004 2026-04-10T21:08:33 2026-04-10T21:08:34   00:00:01  00:00.074  COMPLETED   r1pl-hpcf-h05 
   7891203.batch            2026-04-10T21:08:33 2026-04-10T21:08:34   00:00:01  00:00.072  COMPLETED   r1pl-hpcf-h05 
  7891203.extern            2026-04-10T21:08:33 2026-04-10T21:08:34   00:00:01  00:00.001  COMPLETED   r1pl-hpcf-h05 
Requested Resources: billing=1,cpu=1,mem=4G,node=1
Maximum CPU Memory: 2.14M; 	CPU Efficiency: 0.00% of 00:00:01 core-walltime
