Submitted Step 1 (load):              job 7891226
Submitted Step 2a (QC array 0-17,19-22): job 7891227 (depends on 7891226)
Submitted Step 2b (QC sci_kidney):    job 7891228 (depends on 7891226)
Submitted Step 2c (QC summary):       job 7891229 (depends on 7891227 + 7891228)
Submitted Step 3 (integrate):         job 7891230 (depends on 7891229)

Full pipeline submitted. Monitor with: squeue -u $USER
Logs in: logs/

Job IDs:
  Step 1 (load):         7891226
  Step 2a (QC array):    7891227
  Step 2b (QC sci):      7891228
  Step 2c (QC summary):  7891229
  Step 3 (integrate):    7891230
Job Statistics for 7891225:
           JobID       User               Start                 End    Elapsed   TotalCPU      State        NodeList 
---------------- ---------- ------------------- ------------------- ---------- ---------- ---------- --------------- 
         7891225     xxw004 2026-04-10T21:13:40 2026-04-10T21:13:41   00:00:01  00:00.076  COMPLETED   r1pl-hpcf-h05 
   7891225.batch            2026-04-10T21:13:40 2026-04-10T21:13:41   00:00:01  00:00.075  COMPLETED   r1pl-hpcf-h05 
  7891225.extern            2026-04-10T21:13:40 2026-04-10T21:13:41   00:00:01  00:00.001  COMPLETED   r1pl-hpcf-h05 
Requested Resources: billing=1,cpu=1,mem=4G,node=1
Maximum CPU Memory: 2.11M; 	CPU Efficiency: 0.00% of 00:00:01 core-walltime
