Submitted Step 1 (load):              job 7891141
Submitted Step 2a (QC array 0-17,19-22): job 7891142 (depends on 7891141)
Submitted Step 2b (QC sci_kidney):    job 7891143 (depends on 7891141)
Submitted Step 2c (QC summary):       job 7891145 (depends on 7891142 + 7891143)
Submitted Step 3 (integrate):         job 7891146 (depends on 7891145)

Full pipeline submitted. Monitor with: squeue -u $USER
Logs in: logs/

Job IDs:
  Step 1 (load):         7891141
  Step 2a (QC array):    7891142
  Step 2b (QC sci):      7891143
  Step 2c (QC summary):  7891145
  Step 3 (integrate):    7891146
Job Statistics for 7891140:
           JobID       User               Start                 End    Elapsed   TotalCPU      State        NodeList 
---------------- ---------- ------------------- ------------------- ---------- ---------- ---------- --------------- 
         7891140     xxw004 2026-04-10T20:53:59 2026-04-10T20:54:00   00:00:01  00:00.075  COMPLETED   r1pl-hpcf-h05 
   7891140.batch            2026-04-10T20:53:59 2026-04-10T20:54:00   00:00:01  00:00.074  COMPLETED   r1pl-hpcf-h05 
  7891140.extern            2026-04-10T20:53:59 2026-04-10T20:54:00   00:00:01  00:00.001  COMPLETED   r1pl-hpcf-h05 
Requested Resources: billing=1,cpu=1,mem=4G,node=1
Maximum CPU Memory: 2.14M; 	CPU Efficiency: 0.00% of 00:00:01 core-walltime
