Submitted Step 1 (load):              job 7891645
Submitted Step 2a (QC array 0-17,19-22): job 7891646 (depends on 7891645)
Submitted Step 2b (QC sci_kidney):    job 7891647 (depends on 7891645)
Submitted Step 2c (QC summary):       job 7891648 (depends on 7891646 + 7891647)
Submitted Step 3 (integrate):         job 7891649 (depends on 7891648)

Full pipeline submitted. Monitor with: squeue -u $USER
Logs in: logs/

Job IDs:
  Step 1 (load):         7891645
  Step 2a (QC array):    7891646
  Step 2b (QC sci):      7891647
  Step 2c (QC summary):  7891648
  Step 3 (integrate):    7891649
Job Statistics for 7891644:
           JobID       User               Start                 End    Elapsed   TotalCPU      State        NodeList 
---------------- ---------- ------------------- ------------------- ---------- ---------- ---------- --------------- 
         7891644     xxw004 2026-04-10T23:06:30 2026-04-10T23:06:31   00:00:01  00:00.046  COMPLETED   r1pl-hpcf-h05 
   7891644.batch            2026-04-10T23:06:30 2026-04-10T23:06:31   00:00:01  00:00.045  COMPLETED   r1pl-hpcf-h05 
  7891644.extern            2026-04-10T23:06:30 2026-04-10T23:06:31   00:00:01  00:00.001  COMPLETED   r1pl-hpcf-h05 
Requested Resources: billing=1,cpu=1,mem=4G,node=1
Maximum CPU Memory: 2M; 	CPU Efficiency: 0.00% of 00:00:01 core-walltime
